Component: ARM Compiler 5.06 update 7 (build 960) Tool: armlink [4d3601]

==============================================================================

Section Cross References

    startup_stm32f446xx.o(RESET) refers to startup_stm32f446xx.o(STACK) for __initial_sp
    startup_stm32f446xx.o(RESET) refers to startup_stm32f446xx.o(.text) for Reset_Handler
    startup_stm32f446xx.o(RESET) refers to stm32f4xx_it.o(i.NMI_Handler) for NMI_Handler
    startup_stm32f446xx.o(RESET) refers to stm32f4xx_it.o(i.HardFault_Handler) for HardFault_Handler
    startup_stm32f446xx.o(RESET) refers to stm32f4xx_it.o(i.MemManage_Handler) for MemManage_Handler
    startup_stm32f446xx.o(RESET) refers to stm32f4xx_it.o(i.BusFault_Handler) for BusFault_Handler
    startup_stm32f446xx.o(RESET) refers to stm32f4xx_it.o(i.UsageFault_Handler) for UsageFault_Handler
    startup_stm32f446xx.o(RESET) refers to stm32f4xx_it.o(i.SVC_Handler) for SVC_Handler
    startup_stm32f446xx.o(RESET) refers to stm32f4xx_it.o(i.DebugMon_Handler) for DebugMon_Handler
    startup_stm32f446xx.o(RESET) refers to stm32f4xx_it.o(i.PendSV_Handler) for PendSV_Handler
    startup_stm32f446xx.o(RESET) refers to stm32f4xx_it.o(i.SysTick_Handler) for SysTick_Handler
    startup_stm32f446xx.o(RESET) refers to stm32f4xx_it.o(i.TIM1_TRG_COM_TIM11_IRQHandler) for TIM1_TRG_COM_TIM11_IRQHandler
    startup_stm32f446xx.o(RESET) refers to stm32f4xx_it.o(i.TIM1_CC_IRQHandler) for TIM1_CC_IRQHandler
    startup_stm32f446xx.o(RESET) refers to stm32f4xx_it.o(i.TIM4_IRQHandler) for TIM4_IRQHandler
    startup_stm32f446xx.o(RESET) refers to stm32f4xx_it.o(i.TIM6_DAC_IRQHandler) for TIM6_DAC_IRQHandler
    startup_stm32f446xx.o(.text) refers to system_stm32f4xx.o(i.SystemInit) for SystemInit
    startup_stm32f446xx.o(.text) refers to entry.o(.ARM.Collect$$$$00000000) for __main
    main.o(i.SystemClock_Config) refers to stm32f4xx_hal_rcc_ex.o(i.HAL_RCC_OscConfig) for HAL_RCC_OscConfig
    main.o(i.SystemClock_Config) refers to stm32f4xx_hal_pwr_ex.o(i.HAL_PWREx_EnableOverDrive) for HAL_PWREx_EnableOverDrive
    main.o(i.SystemClock_Config) refers to stm32f4xx_hal_rcc.o(i.HAL_RCC_ClockConfig) for HAL_RCC_ClockConfig
    main.o(i.SystemClock_Config) refers to stm32f4xx_hal_rcc.o(i.HAL_RCC_GetHCLKFreq) for HAL_RCC_GetHCLKFreq
    main.o(i.SystemClock_Config) refers to stm32f4xx_hal_cortex.o(i.HAL_SYSTICK_Config) for HAL_SYSTICK_Config
    main.o(i.SystemClock_Config) refers to stm32f4xx_hal_cortex.o(i.HAL_SYSTICK_CLKSourceConfig) for HAL_SYSTICK_CLKSourceConfig
    main.o(i.SystemClock_Config) refers to stm32f4xx_hal_cortex.o(i.HAL_NVIC_SetPriority) for HAL_NVIC_SetPriority
    main.o(i.main) refers to stm32f4xx_hal.o(i.HAL_Init) for HAL_Init
    main.o(i.main) refers to main.o(i.SystemClock_Config) for SystemClock_Config
    main.o(i.main) refers to gpio.o(i.MX_GPIO_Init) for MX_GPIO_Init
    main.o(i.main) refers to adc.o(i.MX_ADC1_Init) for MX_ADC1_Init
    main.o(i.main) refers to tim.o(i.MX_TIM13_Init) for MX_TIM13_Init
    main.o(i.main) refers to tim.o(i.MX_TIM4_Init) for MX_TIM4_Init
    main.o(i.main) refers to tim.o(i.MX_TIM6_Init) for MX_TIM6_Init
    main.o(i.main) refers to i2c.o(i.MX_I2C1_Init) for MX_I2C1_Init
    main.o(i.main) refers to tim.o(i.MX_TIM1_Init) for MX_TIM1_Init
    main.o(i.main) refers to adc.o(i.MX_ADC3_Init) for MX_ADC3_Init
    main.o(i.main) refers to stm32f4xx_hal.o(i.HAL_Delay) for HAL_Delay
    main.o(i.main) refers to lcd_func.o(i.Lcd_begin_Paton) for Lcd_begin_Paton
    main.o(i.main) refers to lcd_func.o(i.Switch_language) for Switch_language
    main.o(i.main) refers to lcd_func.o(i.Lcd_static_line) for Lcd_static_line
    main.o(i.main) refers to butt_hand.o(i.EEprom_Read) for EEprom_Read
    main.o(i.main) refers to stm32f4xx_hal_tim.o(i.HAL_TIM_Base_Start) for HAL_TIM_Base_Start
    main.o(i.main) refers to butt_hand.o(i.Butt_scan) for Butt_scan
    main.o(i.main) refers to butt_hand.o(i.Fix_weld_value) for Fix_weld_value
    main.o(i.main) refers to lcd_func.o(i.Lcd_update) for Lcd_update
    main.o(i.main) refers to tech_process.o(i.Tempr_FANspeed_flagHIDE) for Tempr_FANspeed_flagHIDE
    main.o(i.main) refers to tech_process.o(i.CUT_2T_procces) for CUT_2T_procces
    main.o(i.main) refers to tech_process.o(i.CUT_4T_procces) for CUT_4T_procces
    main.o(i.main) refers to stm32f4xx_hal.o(i.HAL_GetTick) for HAL_GetTick
    main.o(i.main) refers to stm32f4xx_hal_gpio.o(i.HAL_GPIO_WritePin) for HAL_GPIO_WritePin
    main.o(i.main) refers to stm32f4xx_hal_gpio.o(i.HAL_GPIO_ReadPin) for HAL_GPIO_ReadPin
    main.o(i.main) refers to main.o(.data) for .data
    main.o(i.main) refers to tim.o(.bss) for htim1
    gpio.o(i.MX_GPIO_Init) refers to stm32f4xx_hal_gpio.o(i.HAL_GPIO_WritePin) for HAL_GPIO_WritePin
    gpio.o(i.MX_GPIO_Init) refers to stm32f4xx_hal_gpio.o(i.HAL_GPIO_Init) for HAL_GPIO_Init
    adc.o(i.HAL_ADC_MspDeInit) refers to stm32f4xx_hal_gpio.o(i.HAL_GPIO_DeInit) for HAL_GPIO_DeInit
[...]
    i.HAL_I2C_Init                           0x08001998   Section        0  stm32f4xx_hal_i2c.o(i.HAL_I2C_Init)
    i.HAL_I2C_Mem_Read                       0x08001aa0   Section        0  stm32f4xx_hal_i2c.o(i.HAL_I2C_Mem_Read)
    i.HAL_I2C_Mem_Write                      0x08001c9c   Section        0  stm32f4xx_hal_i2c.o(i.HAL_I2C_Mem_Write)
    i.HAL_I2C_MspInit                        0x08001dd8   Section        0  i2c.o(i.HAL_I2C_MspInit)
    i.HAL_IncTick                            0x08001e24   Section        0  stm32f4xx_hal.o(i.HAL_IncTick)
    i.HAL_Init                               0x08001e34   Section        0  stm32f4xx_hal.o(i.HAL_Init)
    i.HAL_InitTick                           0x08001e68   Section        0  stm32f4xx_hal.o(i.HAL_InitTick)
    i.HAL_MspInit                            0x08001ea8   Section        0  stm32f4xx_hal_msp.o(i.HAL_MspInit)
    i.HAL_NVIC_EnableIRQ                     0x08001f2c   Section        0  stm32f4xx_hal_cortex.o(i.HAL_NVIC_EnableIRQ)
    i.HAL_NVIC_SetPriority                   0x08001f44   Section        0  stm32f4xx_hal_cortex.o(i.HAL_NVIC_SetPriority)
    i.HAL_NVIC_SetPriorityGrouping           0x08001f84   Section        0  stm32f4xx_hal_cortex.o(i.HAL_NVIC_SetPriorityGrouping)
    i.HAL_PWREx_EnableOverDrive              0x08001fa8   Section        0  stm32f4xx_hal_pwr_ex.o(i.HAL_PWREx_EnableOverDrive)
    i.HAL_RCC_ClockConfig                    0x08002018   Section        0  stm32f4xx_hal_rcc.o(i.HAL_RCC_ClockConfig)
    i.HAL_RCC_GetHCLKFreq                    0x08002148   Section        0  stm32f4xx_hal_rcc.o(i.HAL_RCC_GetHCLKFreq)
    i.HAL_RCC_GetPCLK1Freq                   0x08002154   Section        0  stm32f4xx_hal_rcc.o(i.HAL_RCC_GetPCLK1Freq)
    i.HAL_RCC_GetSysClockFreq                0x08002174   Section        0  stm32f4xx_hal_rcc_ex.o(i.HAL_RCC_GetSysClockFreq)
    i.HAL_RCC_OscConfig                      0x080021e4   Section        0  stm32f4xx_hal_rcc_ex.o(i.HAL_RCC_OscConfig)
    i.HAL_SYSTICK_CLKSourceConfig            0x08002528   Section        0  stm32f4xx_hal_cortex.o(i.HAL_SYSTICK_CLKSourceConfig)
    i.HAL_SYSTICK_Callback                   0x08002540   Section        0  stm32f4xx_hal_cortex.o(i.HAL_SYSTICK_Callback)
    i.HAL_SYSTICK_Config                     0x08002542   Section        0  stm32f4xx_hal_cortex.o(i.HAL_SYSTICK_Config)
    i.HAL_SYSTICK_IRQHandler                 0x0800256a   Section        0  stm32f4xx_hal_cortex.o(i.HAL_SYSTICK_IRQHandler)
    i.HAL_TIMEx_BreakCallback                0x08002572   Section        0  stm32f4xx_hal_tim_ex.o(i.HAL_TIMEx_BreakCallback)
    i.HAL_TIMEx_CommutationCallback          0x08002574   Section        0  stm32f4xx_hal_tim_ex.o(i.HAL_TIMEx_CommutationCallback)
    i.HAL_TIMEx_ConfigBreakDeadTime          0x08002576   Section        0  stm32f4xx_hal_tim_ex.o(i.HAL_TIMEx_ConfigBreakDeadTime)
    i.HAL_TIMEx_MasterConfigSynchronization  0x080025d0   Section        0  stm32f4xx_hal_tim_ex.o(i.HAL_TIMEx_MasterConfigSynchronization)
    i.HAL_TIMEx_PWMN_Start_IT                0x08002620   Section        0  stm32f4xx_hal_tim_ex.o(i.HAL_TIMEx_PWMN_Start_IT)
    i.HAL_TIMEx_PWMN_Stop_IT                 0x08002680   Section        0  stm32f4xx_hal_tim_ex.o(i.HAL_TIMEx_PWMN_Stop_IT)
    i.HAL_TIM_Base_Init                      0x08002706   Section        0  stm32f4xx_hal_tim.o(i.HAL_TIM_Base_Init)
    i.HAL_TIM_Base_MspInit                   0x0800273c   Section        0  tim.o(i.HAL_TIM_Base_MspInit)
    i.HAL_TIM_Base_Start                     0x080027b8   Section        0  stm32f4xx_hal_tim.o(i.HAL_TIM_Base_Start)
    i.HAL_TIM_Base_Start_IT                  0x080027d2   Section        0  stm32f4xx_hal_tim.o(i.HAL_TIM_Base_Start_IT)
    i.HAL_TIM_Base_Stop                      0x080027ea   Section        0  stm32f4xx_hal_tim.o(i.HAL_TIM_Base_Stop)
    i.HAL_TIM_ConfigClockSource              0x08002816   Section        0  stm32f4xx_hal_tim.o(i.HAL_TIM_ConfigClockSource)
    i.HAL_TIM_IC_CaptureCallback             0x08002908   Section        0  stm32f4xx_hal_tim.o(i.HAL_TIM_IC_CaptureCallback)
    i.HAL_TIM_IRQHandler                     0x0800290a   Section        0  stm32f4xx_hal_tim.o(i.HAL_TIM_IRQHandler)
    i.HAL_TIM_MspPostInit                    0x08002a70   Section        0  tim.o(i.HAL_TIM_MspPostInit)
    i.HAL_TIM_OC_DelayElapsedCallback        0x08002abc   Section        0  stm32f4xx_hal_tim.o(i.HAL_TIM_OC_DelayElapsedCallback)
    i.HAL_TIM_PWM_ConfigChannel              0x08002abe   Section        0  stm32f4xx_hal_tim.o(i.HAL_TIM_PWM_ConfigChannel)
    i.HAL_TIM_PWM_Init                       0x08002b8e   Section        0  stm32f4xx_hal_tim.o(i.HAL_TIM_PWM_Init)
    i.HAL_TIM_PWM_MspInit                    0x08002bc4   Section        0  tim.o(i.HAL_TIM_PWM_MspInit)
    i.HAL_TIM_PWM_PulseFinishedCallback      0x08002c10   Section        0  stm32f4xx_hal_tim.o(i.HAL_TIM_PWM_PulseFinishedCallback)
    i.HAL_TIM_PWM_Start                      0x08002c14   Section        0  stm32f4xx_hal_tim.o(i.HAL_TIM_PWM_Start)
    i.HAL_TIM_PWM_Start_IT                   0x08002c4c   Section        0  stm32f4xx_hal_tim.o(i.HAL_TIM_PWM_Start_IT)
    i.HAL_TIM_PWM_Stop_IT                    0x08002cb8   Section        0  stm32f4xx_hal_tim.o(i.HAL_TIM_PWM_Stop_IT)
    i.HAL_TIM_PeriodElapsedCallback          0x08002d40   Section        0  stm32f4xx_hal_tim.o(i.HAL_TIM_PeriodElapsedCallback)
    i.HAL_TIM_TriggerCallback                0x08002d42   Section        0  stm32f4xx_hal_tim.o(i.HAL_TIM_TriggerCallback)
    i.HardFault_Handler                      0x08002d44   Section        0  stm32f4xx_it.o(i.HardFault_Handler)
    i.I2C_IsAcknowledgeFailed                0x08002d46   Section        0  stm32f4xx_hal_i2c.o(i.I2C_IsAcknowledgeFailed)
    I2C_IsAcknowledgeFailed                  0x08002d47   Thumb Code    40  stm32f4xx_hal_i2c.o(i.I2C_IsAcknowledgeFailed)
    i.I2C_RequestMemoryRead                  0x08002d6e   Section        0  stm32f4xx_hal_i2c.o(i.I2C_RequestMemoryRead)
    I2C_RequestMemoryRead                    0x08002d6f   Thumb Code   240  stm32f4xx_hal_i2c.o(i.I2C_RequestMemoryRead)
    i.I2C_RequestMemoryWrite                 0x08002e60   Section        0  stm32f4xx_hal_i2c.o(i.I2C_RequestMemoryWrite)
    I2C_RequestMemoryWrite                   0x08002e61   Thumb Code   156  stm32f4xx_hal_i2c.o(i.I2C_RequestMemoryWrite)
    i.I2C_WaitOnBTFFlagUntilTimeout          0x08002f00   Section        0  stm32f4xx_hal_i2c.o(i.I2C_WaitOnBTFFlagUntilTimeout)
    I2C_WaitOnBTFFlagUntilTimeout            0x08002f01   Thumb Code    78  stm32f4xx_hal_i2c.o(i.I2C_WaitOnBTFFlagUntilTimeout)
    i.I2C_WaitOnFlagUntilTimeout             0x08002f4e   Section        0  stm32f4xx_hal_i2c.o(i.I2C_WaitOnFlagUntilTimeout)
    I2C_WaitOnFlagUntilTimeout               0x08002f4f   Thumb Code    96  stm32f4xx_hal_i2c.o(i.I2C_WaitOnFlagUntilTimeout)
    i.I2C_WaitOnMasterAddressFlagUntilTimeout 0x08002fb0   Section        0  stm32f4xx_hal_i2c.o(i.I2C_WaitOnMasterAddressFlagUntilTimeout)
    I2C_WaitOnMasterAddressFlagUntilTimeout  0x08002fb1   Thumb Code   136  stm32f4xx_hal_i2c.o(i.I2C_WaitOnMasterAddressFlagUntilTimeout)
    i.I2C_WaitOnRXNEFlagUntilTimeout         0x08003038   Section        0  stm32f4xx_hal_i2c.o(i.I2C_WaitOnRXNEFlagUntilTimeout)
    I2C_WaitOnRXNEFlagUntilTimeout           0x08003039   Thumb Code    98  stm32f4xx_hal_i2c.o(i.I2C_WaitOnRXNEFlagUntilTimeout)
    i.I2C_WaitOnTXEFlagUntilTimeout          0x0800309a   Section        0  stm32f4xx_hal_i2c.o(i.I2C_WaitOnTXEFlagUntilTimeout)
    I2C_WaitOnTXEFlagUntilTimeout            0x0800309b   Thumb Code    78  stm32f4xx_hal_i2c.o(i.I2C_WaitOnTXEFlagUntilTimeout)
    i.LCD_DrawChar                           0x080030e8   Section        0  lcd.o(i.LCD_DrawChar)
    i.LCD_DrawChar_BIG_1                     0x080031e4   Section        0  lcd.o(i.LCD_DrawChar_BIG_1)
    i.LCD_DrawChar_BIG_2                     0x080032f4   Section        0  lcd.o(i.LCD_DrawChar_BIG_2)
    i.LCD_DrawChar_BIG_A1                    0x080033f8   Section        0  lcd.o(i.LCD_DrawChar_BIG_A1)
    i.LCD_DrawChar_BIG_A2                    0x080034f8   Section        0  lcd.o(i.LCD_DrawChar_BIG_A2)
    i.LCD_DrawCircle                         0x080035fc   Section        0  lcd.o(i.LCD_DrawCircle)
    i.LCD_DrawFastVLine                      0x080036f8   Section        0  lcd.o(i.LCD_DrawFastVLine)
    i.LCD_DrawLine                           0x08003774   Section        0  lcd.o(i.LCD_DrawLine)
    i.LCD_DrawPixel                          0x08003814   Section        0  lcd.o(i.LCD_DrawPixel)
    i.LCD_FillCircleHelper                   0x08003864   Section        0  lcd.o(i.LCD_FillCircleHelper)
    i.LCD_FillRect                           0x08003928   Section        0  lcd.o(i.LCD_FillRect)
    i.LCD_FillRoundRect                      0x080039cc   Section        0  lcd.o(i.LCD_FillRoundRect)
    i.LCD_FillScreen                         0x08003a30   Section        0  lcd.o(i.LCD_FillScreen)
    i.LCD_Flood                              0x08003a5c   Section        0  lcd.o(i.LCD_Flood)
    i.LCD_Init                               0x08003ad0   Section        0  lcd.o(i.LCD_Init)
    i.LCD_Printf                             0x08003bb4   Section        0  lcd.o(i.LCD_Printf)
    i.LCD_Reset                              0x08003c64   Section        0  lcd.o(i.LCD_Reset)
    i.LCD_SetAddrWindow                      0x08003ce0   Section        0  lcd.o(i.LCD_SetAddrWindow)
    i.LCD_SetCursor                          0x08003d0c   Section        0  lcd.o(i.LCD_SetCursor)
    i.LCD_SetRotation                        0x08003d18   Section        0  lcd.o(i.LCD_SetRotation)
    i.LCD_SetTextColor                       0x08003d84   Section        0  lcd.o(i.LCD_SetTextColor)
    i.LCD_SetTextSize                        0x08003d90   Section        0  lcd.o(i.LCD_SetTextSize)
    i.LCD_Write16Register8                   0x08003da0   Section        0  lcd.o(i.LCD_Write16Register8)
    i.LCD_Write32Register8                   0x08003dc8   Section        0  lcd.o(i.LCD_Write32Register8)
    i.LCD_Write8                             0x08003e00   Section        0  lcd.o(i.LCD_Write8)
    i.LCD_Write8Register8                    0x08003e88   Section        0  lcd.o(i.LCD_Write8Register8)
    i.Lcd_begin_Paton                        0x08003eac   Section        0  lcd_func.o(i.Lcd_begin_Paton)
    i.Lcd_dinamic_sting                      0x08003f3c   Section        0  lcd_func.o(i.Lcd_dinamic_sting)
    i.Lcd_static_line                        0x080040f4   Section        0  lcd_func.o(i.Lcd_static_line)
    i.Lcd_static_sting                       0x08004170   Section        0  lcd_func.o(i.Lcd_static_sting)
    i.Lcd_update                             0x080041e4   Section        0  lcd_func.o(i.Lcd_update)
    i.MX_ADC1_Init                           0x08004204   Section        0  adc.o(i.MX_ADC1_Init)
    i.MX_ADC3_Init                           0x08004274   Section        0  adc.o(i.MX_ADC3_Init)
    i.MX_GPIO_Init                           0x0800432c   Section        0  gpio.o(i.MX_GPIO_Init)
    i.MX_I2C1_Init                           0x08004420   Section        0  i2c.o(i.MX_I2C1_Init)
    i.MX_TIM13_Init                          0x08004474   Section        0  tim.o(i.MX_TIM13_Init)
    i.MX_TIM1_Init                           0x080044ec   Section        0  tim.o(i.MX_TIM1_Init)
    i.MX_TIM4_Init                           0x080045ac   Section        0  tim.o(i.MX_TIM4_Init)
    i.MX_TIM6_Init                           0x08004624   Section        0  tim.o(i.MX_TIM6_Init)
    i.MemManage_Handler                      0x0800467c   Section        0  stm32f4xx_it.o(i.MemManage_Handler)
    i.NMI_Handler                            0x0800467e   Section        0  stm32f4xx_it.o(i.NMI_Handler)
    i.NVIC_SetPriority                       0x08004680   Section        0  stm32f4xx_hal_cortex.o(i.NVIC_SetPriority)
    NVIC_SetPriority                         0x08004681   Thumb Code    32  stm32f4xx_hal_cortex.o(i.NVIC_SetPriority)
    i.OutputCurrentSymbols                   0x080046a0   Section        0  lcd_func.o(i.OutputCurrentSymbols)
    i.OutputThreeSymbols                     0x080046c0   Section        0  lcd_func.o(i.OutputThreeSymbols)
    i.OutputTwoSymbols                       0x080047bc   Section        0  lcd_func.o(i.OutputTwoSymbols)
    i.PendSV_Handler                         0x080048ac   Section        0  stm32f4xx_it.o(i.PendSV_Handler)
    i.Pressure_lable                         0x080048b0   Section        0  lcd_func.o(i.Pressure_lable)
    i.SVC_Handler                            0x08004958   Section        0  stm32f4xx_it.o(i.SVC_Handler)
    i.Switch_language                        0x0800495c   Section        0  lcd_func.o(i.Switch_language)
    i.SysTick_Handler                        0x08004b2c   Section        0  stm32f4xx_it.o(i.SysTick_Handler)
    i.SystemClock_Config                     0x08004b3c   Section        0  main.o(i.SystemClock_Config)
    i.SystemInit                             0x08004be4   Section        0  system_stm32f4xx.o(i.SystemInit)
    i.TIM1_CC_IRQHandler                     0x08004c38   Section        0  stm32f4xx_it.o(i.TIM1_CC_IRQHandler)
    i.TIM1_TRG_COM_TIM11_IRQHandler          0x08004c58   Section        0  stm32f4xx_it.o(i.TIM1_TRG_COM_TIM11_IRQHandler)
    i.TIM4_IRQHandler                        0x08004c64   Section        0  stm32f4xx_it.o(i.TIM4_IRQHandler)
    i.TIM6_DAC_IRQHandler                    0x08004c7c   Section        0  stm32f4xx_it.o(i.TIM6_DAC_IRQHandler)
    i.TIM_Base_SetConfig                     0x08004c94   Section        0  stm32f4xx_hal_tim.o(i.TIM_Base_SetConfig)
    i.TIM_CCxChannelCmd                      0x08004d54   Section        0  stm32f4xx_hal_tim.o(i.TIM_CCxChannelCmd)
    i.TIM_CCxNChannelCmd                     0x08004d6a   Section        0  stm32f4xx_hal_tim_ex.o(i.TIM_CCxNChannelCmd)
    TIM_CCxNChannelCmd                       0x08004d6b   Thumb Code    22  stm32f4xx_hal_tim_ex.o(i.TIM_CCxNChannelCmd)
    i.TIM_ETR_SetConfig                      0x08004d80   Section        0  stm32f4xx_hal_tim.o(i.TIM_ETR_SetConfig)
    TIM_ETR_SetConfig                        0x08004d81   Thumb Code    20  stm32f4xx_hal_tim.o(i.TIM_ETR_SetConfig)
    i.TIM_ITRx_SetConfig                     0x08004d94   Section        0  stm32f4xx_hal_tim.o(i.TIM_ITRx_SetConfig)
    TIM_ITRx_SetConfig                       0x08004d95   Thumb Code    16  stm32f4xx_hal_tim.o(i.TIM_ITRx_SetConfig)
    i.TIM_OC1_SetConfig                      0x08004da4   Section        0  stm32f4xx_hal_tim.o(i.TIM_OC1_SetConfig)
    TIM_OC1_SetConfig                        0x08004da5   Thumb Code    80  stm32f4xx_hal_tim.o(i.TIM_OC1_SetConfig)
    i.TIM_OC2_SetConfig                      0x08004dfc   Section        0  stm32f4xx_hal_tim.o(i.TIM_OC2_SetConfig)
    i.TIM_OC3_SetConfig                      0x08004e60   Section        0  stm32f4xx_hal_tim.o(i.TIM_OC3_SetConfig)
    TIM_OC3_SetConfig                        0x08004e61   Thumb Code    88  stm32f4xx_hal_tim.o(i.TIM_OC3_SetConfig)
    i.TIM_OC4_SetConfig                      0x08004ec0   Section        0  stm32f4xx_hal_tim.o(i.TIM_OC4_SetConfig)
    TIM_OC4_SetConfig                        0x08004ec1   Thumb Code    70  stm32f4xx_hal_tim.o(i.TIM_OC4_SetConfig)
    i.TIM_TI1_ConfigInputStage               0x08004f10   Section        0  stm32f4xx_hal_tim.o(i.TIM_TI1_ConfigInputStage)
    TIM_TI1_ConfigInputStage                 0x08004f11   Thumb Code    34  stm32f4xx_hal_tim.o(i.TIM_TI1_ConfigInputStage)
    i.TIM_TI2_ConfigInputStage               0x08004f32   Section        0  stm32f4xx_hal_tim.o(i.TIM_TI2_ConfigInputStage)
    TIM_TI2_ConfigInputStage                 0x08004f33   Thumb Code    36  stm32f4xx_hal_tim.o(i.TIM_TI2_ConfigInputStage)
    i.TemprHIDE_lable                        0x08004f58   Section        0  lcd_func.o(i.TemprHIDE_lable)
    i.Tempr_FANspeed_flagHIDE                0x08004fd4   Section        0  tech_process.o(i.Tempr_FANspeed_flagHIDE)
    i.Torch_lable                            0x080050a8   Section        0  lcd_func.o(i.Torch_lable)
    i.UsageFault_Handler                     0x08005150   Section        0  stm32f4xx_it.o(i.UsageFault_Handler)
    i._Error_Handler                         0x08005152   Section        0  main.o(i._Error_Handler)
    i.__0sprintf                             0x08005154   Section        0  printfa.o(i.__0sprintf)
    i.__0vsprintf                            0x0800517c   Section        0  printfa.o(i.__0vsprintf)
    i.__scatterload_copy                     0x080051a0   Section       14  handlers.o(i.__scatterload_copy)
    i.__scatterload_null                     0x080051ae   Section        2  handlers.o(i.__scatterload_null)
    i.__scatterload_zeroinit                 0x080051b0   Section       14  handlers.o(i.__scatterload_zeroinit)
    i._fp_digits                             0x080051c0   Section        0  printfa.o(i._fp_digits)
    _fp_digits                               0x080051c1   Thumb Code   366  printfa.o(i._fp_digits)
    i._printf_core                           0x08005344   Section        0  printfa.o(i._printf_core)
    _printf_core                             0x08005345   Thumb Code  1704  printfa.o(i._printf_core)
    i._printf_post_padding                   0x080059f8   Section        0  printfa.o(i._printf_post_padding)
    _printf_post_padding                     0x080059f9   Thumb Code    36  printfa.o(i._printf_post_padding)
    i._printf_pre_padding                    0x08005a1c   Section        0  printfa.o(i._printf_pre_padding)
    _printf_pre_padding                      0x08005a1d   Thumb Code    46  printfa.o(i._printf_pre_padding)
    i._sputc                                 0x08005a4a   Section        0  printfa.o(i._sputc)
    _sputc                                   0x08005a4b   Thumb Code    10  printfa.o(i._sputc)
    i.delay                                  0x08005a54   Section        0  lcd.o(i.delay)
    i.main                                   0x08005a60   Section        0  main.o(i.main)
    .constdata                               0x08005b44   Section       16  system_stm32f4xx.o(.constdata)
    .constdata                               0x08005b54   Section        8  system_stm32f4xx.o(.constdata)
    .constdata                               0x08005b5c   Section    10830  font8.o(.constdata)
    .constdata                               0x080085aa   Section    10545  font12.o(.constdata)
    .constdata                               0x0800aedb   Section    112860  font16.o(.constdata)
    .constdata                               0x080267b7   Section    58140  font20.o(.constdata)
    .constdata                               0x08034ad3   Section    16128  font24.o(.constdata)
    .constdata                               0x080389d3   Section      108  lcd.o(.constdata)
    ILI9341_regValues                        0x080389d3   Data         108  lcd.o(.constdata)
    .data                                    0x20000000   Section        2  main.o(.data)
    .data                                    0x20000002   Section        2  main.o(.data)
    .data                                    0x20000004   Section       18  main.o(.data)
    .data                                    0x20000016   Section        2  main.o(.data)
    .data                                    0x20000018   Section        2  main.o(.data)
    .data                                    0x2000001a   Section        2  main.o(.data)
    .data                                    0x2000001c   Section        8  main.o(.data)
    .data                                    0x20000024   Section       12  stm32f4xx_hal.o(.data)
    .data                                    0x20000030   Section        4  system_stm32f4xx.o(.data)
    .data                                    0x20000034   Section        8  font8.o(.data)
    .data                                    0x2000003c   Section        8  font12.o(.data)
    .data                                    0x20000044   Section        8  font16.o(.data)
    .data                                    0x2000004c   Section        8  font20.o(.data)
    .data                                    0x20000054   Section        8  font24.o(.data)
    .data                                    0x2000005c   Section       36  lcd.o(.data)
    m_font                                   0x2000005c   Data           1  lcd.o(.data)
    m_rotation                               0x2000005d   Data           1  lcd.o(.data)
    m_wrap                                   0x2000005e   Data           1  lcd.o(.data)
    m_width                                  0x20000060   Data           2  lcd.o(.data)
    m_height                                 0x20000062   Data           2  lcd.o(.data)
    m_cursor_x                               0x20000064   Data           2  lcd.o(.data)
    m_cursor_y                               0x20000066   Data           2  lcd.o(.data)
    m_textcolor                              0x20000068   Data           2  lcd.o(.data)
    m_textbgcolor                            0x2000006a   Data           2  lcd.o(.data)
    fonts                                    0x2000006c   Data          20  lcd.o(.data)
    .data                                    0x20000080   Section       40  butt_hand.o(.data)
    .data                                    0x200000a8   Section       36  lcd_func.o(.data)
    .data                                    0x200000cc   Section      252  other_func.o(.data)
    .data                                    0x200001c8   Section       64  tech_process.o(.data)
    .bss                                     0x20000208   Section      144  adc.o(.bss)
    .bss                                     0x20000298   Section       84  i2c.o(.bss)
    .bss                                     0x200002ec   Section      240  tim.o(.bss)
    .bss                                     0x200003dc   Section      256  lcd.o(.bss)
    buf                                      0x200003dc   Data         256  lcd.o(.bss)
    STACK                                    0x200004e0   Section     1024  startup_stm32f446xx.o(STACK)

    Global Symbols

    Symbol Name                              Value     Ov Type        Size  Object(Section)

    BuildAttributes$$THM_ISAv4$E$P$D$K$B$S$7EM$VFPi3$EXTD16$VFPS$VFMA$PE$A:L22UL41UL21$X:L11$S22US41US21$IEEE1$IW$USESV6$~STKCKD$USESV7$~SHL$OSPACE$ROPI$EBA8$MICROLIB$REQ8$PRES8$EABIv2 0x00000000   Number         0  anon$$obj.o ABSOLUTE
    __ARM_use_no_argv                        0x00000000   Number         0  main.o ABSOLUTE
    _printf_a                                0x00000000   Number         0  stubs.o ABSOLUTE
    _printf_c                                0x00000000   Number         0  stubs.o ABSOLUTE
    _printf_charcount                        0x00000000   Number         0  stubs.o ABSOLUTE
    _printf_d                                0x00000000   Number         0  stubs.o ABSOLUTE
    _printf_e                                0x00000000   Number         0  stubs.o ABSOLUTE
    _printf_f                                0x00000000   Number         0  stubs.o ABSOLUTE
    _printf_flags                            0x00000000   Number         0  stubs.o ABSOLUTE
    _printf_fp_dec                           0x00000000   Number         0  stubs.o ABSOLUTE
    _printf_fp_hex                           0x00000000   Number         0  stubs.o ABSOLUTE
    _printf_g                                0x00000000   Number         0  stubs.o ABSOLUTE
    _printf_i                                0x00000000   Number         0  stubs.o ABSOLUTE
    _printf_int_dec                          0x00000000   Number         0  stubs.o ABSOLUTE
    _printf_l                                0x00000000   Number         0  stubs.o ABSOLUTE
    _printf_lc                               0x00000000   Number         0  stubs.o ABSOLUTE
    _printf_ll                               0x00000000   Number         0  stubs.o ABSOLUTE
    _printf_lld                              0x00000000   Number         0  stubs.o ABSOLUTE
    _printf_lli                              0x00000000   Number         0  stubs.o ABSOLUTE
    _printf_llo                              0x00000000   Number         0  stubs.o ABSOLUTE
    _printf_llu                              0x00000000   Number         0  stubs.o ABSOLUTE
    _printf_llx                              0x00000000   Number         0  stubs.o ABSOLUTE
    _printf_longlong_dec                     0x00000000   Number         0  stubs.o ABSOLUTE
    _printf_longlong_hex                     0x00000000   Number         0  stubs.o ABSOLUTE
    _printf_longlong_oct                     0x00000000   Number         0  stubs.o ABSOLUTE
    _printf_ls                               0x00000000   Number         0  stubs.o ABSOLUTE
    _printf_mbtowc                           0x00000000   Number         0  stubs.o ABSOLUTE
    _printf_n                                0x00000000   Number         0  stubs.o ABSOLUTE
    _printf_o                                0x00000000   Number         0  stubs.o ABSOLUTE
    _printf_p                                0x00000000   Number         0  stubs.o ABSOLUTE
    _printf_percent                          0x00000000   Number         0  stubs.o ABSOLUTE
    _printf_pre_padding                      0x00000000   Number         0  stubs.o ABSOLUTE
    _printf_return_value                     0x00000000   Number         0  stubs.o ABSOLUTE
    _printf_s                                0x00000000   Number         0  stubs.o ABSOLUTE
    _printf_sizespec                         0x00000000   Number         0  stubs.o ABSOLUTE
    _printf_str                              0x00000000   Number         0  stubs.o ABSOLUTE
    _printf_truncate_signed                  0x00000000   Number         0  stubs.o ABSOLUTE
    _printf_truncate_unsigned                0x00000000   Number         0  stubs.o ABSOLUTE
    _printf_u                                0x00000000   Number         0  stubs.o ABSOLUTE
    _printf_wc                               0x00000000   Number         0  stubs.o ABSOLUTE
    _printf_wctomb                           0x00000000   Number         0  stubs.o ABSOLUTE
    _printf_widthprec                        0x00000000   Number         0  stubs.o ABSOLUTE
    _printf_x                                0x00000000   Number         0  stubs.o ABSOLUTE
    __arm_fini_                               - Undefined Weak Reference
    __cpp_initialize__aeabi_                  - Undefined Weak Reference
    __cxa_finalize                            - Undefined Weak Reference
    _clock_init                               - Undefined Weak Reference
    _microlib_exit                            - Undefined Weak Reference
    __Vectors_Size                           0x000001c4   Number         0  startup_stm32f446xx.o ABSOLUTE
    __Vectors                                0x08000000   Data           4  startup_stm32f446xx.o(RESET)
    __Vectors_End                            0x080001c4   Data           0  startup_stm32f446xx.o(RESET)
    __main                                   0x080001c5   Thumb Code     0  entry.o(.ARM.Collect$$$$00000000)
    _main_stk                                0x080001c5   Thumb Code     0  entry2.o(.ARM.Collect$$$$00000001)
    _main_scatterload                        0x080001c9   Thumb Code     0  entry5.o(.ARM.Collect$$$$00000004)
    __main_after_scatterload                 0x080001cd   Thumb Code     0  entry5.o(.ARM.Collect$$$$00000004)
    _main_clock                              0x080001cd   Thumb Code     0  entry7b.o(.ARM.Collect$$$$00000008)
    _main_cpp_init                           0x080001cd   Thumb Code     0  entry8b.o(.ARM.Collect$$$$0000000A)
    _main_init                               0x080001cd   Thumb Code     0  entry9a.o(.ARM.Collect$$$$0000000B)
    __rt_lib_shutdown_fini                   0x080001d5   Thumb Code     0  entry12b.o(.ARM.Collect$$$$0000000E)
    __rt_final_cpp                           0x080001d9   Thumb Code     0  entry10a.o(.ARM.Collect$$$$0000000F)
    __rt_final_exit                          0x080001d9   Thumb Code     0  entry11a.o(.ARM.Collect$$$$00000011)
    Reset_Handler                            0x080001dd   Thumb Code     8  startup_stm32f446xx.o(.text)
    ADC_IRQHandler                           0x080001f7   Thumb Code     0  startup_stm32f446xx.o(.text)
    CAN1_RX0_IRQHandler                      0x080001f7   Thumb Code     0  startup_stm32f446xx.o(.text)
    CAN1_RX1_IRQHandler                      0x080001f7   Thumb Code     0  startup_stm32f446xx.o(.text)
    CAN1_SCE_IRQHandler                      0x080001f7   Thumb Code     0  startup_stm32f446xx.o(.text)
    CAN1_TX_IRQHandler                       0x080001f7   Thumb Code     0  startup_stm32f446xx.o(.text)
    CAN2_RX0_IRQHandler                      0x080001f7   Thumb Code     0  startup_stm32f446xx.o(.text)
    CAN2_RX1_IRQHandler                      0x080001f7   Thumb Code     0  startup_stm32f446xx.o(.text)
    CAN2_SCE_IRQHandler                      0x080001f7   Thumb Code     0  startup_stm32f446xx.o(.text)
    CAN2_TX_IRQHandler                       0x080001f7   Thumb Code     0  startup_stm32f446xx.o(.text)
    CEC_IRQHandler                           0x080001f7   Thumb Code     0  startup_stm32f446xx.o(.text)
    DCMI_IRQHandler                          0x080001f7   Thumb Code     0  startup_stm32f446xx.o(.text)
    DMA1_Stream0_IRQHandler                  0x080001f7   Thumb Code     0  startup_stm32f446xx.o(.text)
    DMA1_Stream1_IRQHandler                  0x080001f7   Thumb Code     0  startup_stm32f446xx.o(.text)
    DMA1_Stream2_IRQHandler                  0x080001f7   Thumb Code     0  startup_stm32f446xx.o(.text)
    DMA1_Stream3_IRQHandler                  0x080001f7   Thumb Code     0  startup_stm32f446xx.o(.text)
    DMA1_Stream4_IRQHandler                  0x080001f7   Thumb Code     0  startup_stm32f446xx.o(.text)
    DMA1_Stream5_IRQHandler                  0x080001f7   Thumb Code     0  startup_stm32f446xx.o(.text)
    DMA1_Stream6_IRQHandler                  0x080001f7   Thumb Code     0  startup_stm32f446xx.o(.text)
    DMA1_Stream7_IRQHandler                  0x080001f7   Thumb Code     0  startup_stm32f446xx.o(.text)
    DMA2_Stream0_IRQHandler                  0x080001f7   Thumb Code     0  startup_stm32f446xx.o(.text)
    DMA2_Stream1_IRQHandler                  0x080001f7   Thumb Code     0  startup_stm32f446xx.o(.text)
    DMA2_Stream2_IRQHandler                  0x080001f7   Thumb Code     0  startup_stm32f446xx.o(.text)
    DMA2_Stream3_IRQHandler                  0x080001f7   Thumb Code     0  startup_stm32f446xx.o(.text)
    DMA2_Stream4_IRQHandler                  0x080001f7   Thumb Code     0  startup_stm32f446xx.o(.text)
    DMA2_Stream5_IRQHandler                  0x080001f7   Thumb Code     0  startup_stm32f446xx.o(.text)
    DMA2_Stream6_IRQHandler                  0x080001f7   Thumb Code     0  startup_stm32f446xx.o(.text)
    DMA2_Stream7_IRQHandler                  0x080001f7   Thumb Code     0  startup_stm32f446xx.o(.text)
    EXTI0_IRQHandler                         0x080001f7   Thumb Code     0  startup_stm32f446xx.o(.text)
    EXTI15_10_IRQHandler                     0x080001f7   Thumb Code     0  startup_stm32f446xx.o(.text)
    EXTI1_IRQHandler                         0x080001f7   Thumb Code     0  startup_stm32f446xx.o(.text)
    EXTI2_IRQHandler                         0x080001f7   Thumb Code     0  startup_stm32f446xx.o(.text)
    EXTI3_IRQHandler                         0x080001f7   Thumb Code     0  startup_stm32f446xx.o(.text)
    EXTI4_IRQHandler                         0x080001f7   Thumb Code     0  startup_stm32f446xx.o(.text)
    EXTI9_5_IRQHandler                       0x080001f7   Thumb Code     0  startup_stm32f446xx.o(.text)
    FLASH_IRQHandler                         0x080001f7   Thumb Code     0  startup_stm32f446xx.o(.text)
    FMC_IRQHandler                           0x080001f7   Thumb Code     0  startup_stm32f446xx.o(.text)
    FPU_IRQHandler                           0x080001f7   Thumb Code     0  startup_stm32f446xx.o(.text)
    I2C1_ER_IRQHandler                       0x080001f7   Thumb Code     0  startup_stm32f446xx.o(.text)
    I2C1_EV_IRQHandler                       0x080001f7   Thumb Code     0  startup_stm32f446xx.o(.text)
    I2C2_ER_IRQHandler                       0x080001f7   Thumb Code     0  startup_stm32f446xx.o(.text)
    I2C2_EV_IRQHandler                       0x080001f7   Thumb Code     0  startup_stm32f446xx.o(.text)
    I2C3_ER_IRQHandler                       0x080001f7   Thumb Code     0  startup_stm32f446xx.o(.text)
    I2C3_EV_IRQHandler                       0x080001f7   Thumb Code     0  startup_stm32f446xx.o(.text)
    I2C4_Error_IRQHandler                    0x080001f7   Thumb Code     0  startup_stm32f446xx.o(.text)
    I2C4_Event_IRQHandler                    0x080001f7   Thumb Code     0  startup_stm32f446xx.o(.text)
    OTG_FS_IRQHandler                        0x080001f7   Thumb Code     0  startup_stm32f446xx.o(.text)
    OTG_FS_WKUP_IRQHandler                   0x080001f7   Thumb Code     0  startup_stm32f446xx.o(.text)
    OTG_HS_EP1_IN_IRQHandler                 0x080001f7   Thumb Code     0  startup_stm32f446xx.o(.text)
    OTG_HS_EP1_OUT_IRQHandler                0x080001f7   Thumb Code     0  startup_stm32f446xx.o(.text)
    OTG_HS_IRQHandler                        0x080001f7   Thumb Code     0  startup_stm32f446xx.o(.text)
    OTG_HS_WKUP_IRQHandler                   0x080001f7   Thumb Code     0  startup_stm32f446xx.o(.text)
    PVD_IRQHandler                           0x080001f7   Thumb Code     0  startup_stm32f446xx.o(.text)
    QUADSPI_IRQHandler                       0x080001f7   Thumb Code     0  startup_stm32f446xx.o(.text)
    RCC_IRQHandler                           0x080001f7   Thumb Code     0  startup_stm32f446xx.o(.text)
    RTC_Alarm_IRQHandler                     0x080001f7   Thumb Code     0  startup_stm32f446xx.o(.text)
    RTC_WKUP_IRQHandler                      0x080001f7   Thumb Code     0  startup_stm32f446xx.o(.text)
    SAI1_IRQHandler                          0x080001f7   Thumb Code     0  startup_stm32f446xx.o(.text)
    SAI2_IRQHandler                          0x080001f7   Thumb Code     0  startup_stm32f446xx.o(.text)
    SDIO_IRQHandler                          0x080001f7   Thumb Code     0  startup_stm32f446xx.o(.text)
    SPDIF_RX_IRQHandler                      0x080001f7   Thumb Code     0  startup_stm32f446xx.o(.text)
    SPI1_IRQHandler                          0x080001f7   Thumb Code     0  startup_stm32f446xx.o(.text)
    SPI2_IRQHandler                          0x080001f7   Thumb Code     0  startup_stm32f446xx.o(.text)
    SPI3_IRQHandler                          0x080001f7   Thumb Code     0  startup_stm32f446xx.o(.text)
    SPI4_IRQHandler                          0x080001f7   Thumb Code     0  startup_stm32f446xx.o(.text)
    TAMP_STAMP_IRQHandler                    0x080001f7   Thumb Code     0  startup_stm32f446xx.o(.text)
    TIM1_BRK_TIM9_IRQHandler                 0x080001f7   Thumb Code     0  startup_stm32f446xx.o(.text)
    TIM1_UP_TIM10_IRQHandler                 0x080001f7   Thumb Code     0  startup_stm32f446xx.o(.text)
    TIM2_IRQHandler                          0x080001f7   Thumb Code     0  startup_stm32f446xx.o(.text)
    TIM3_IRQHandler                          0x080001f7   Thumb Code     0  startup_stm32f446xx.o(.text)
    TIM5_IRQHandler                          0x080001f7   Thumb Code     0  startup_stm32f446xx.o(.text)
    TIM7_IRQHandler                          0x080001f7   Thumb Code     0  startup_stm32f446xx.o(.text)
    TIM8_BRK_TIM12_IRQHandler                0x080001f7   Thumb Code     0  startup_stm32f446xx.o(.text)
    TIM8_CC_IRQHandler                       0x080001f7   Thumb Code     0  startup_stm32f446xx.o(.text)
    TIM8_TRG_COM_TIM14_IRQHandler            0x080001f7   Thumb Code     0  startup_stm32f446xx.o(.text)
    TIM8_UP_TIM13_IRQHandler                 0x080001f7   Thumb Code     0  startup_stm32f446xx.o(.text)
    UART4_IRQHandler                         0x080001f7   Thumb Code     0  startup_stm32f446xx.o(.text)
    UART5_IRQHandler                         0x080001f7   Thumb Code     0  startup_stm32f446xx.o(.text)
    USART1_IRQHandler                        0x080001f7   Thumb Code     0  startup_stm32f446xx.o(.text)
    USART2_IRQHandler                        0x080001f7   Thumb Code     0  startup_stm32f446xx.o(.text)
    USART3_IRQHandler                        0x080001f7   Thumb Code     0  startup_stm32f446xx.o(.text)
    USART6_IRQHandler                        0x080001f7   Thumb Code     0  startup_stm32f446xx.o(.text)
    WWDG_IRQHandler                          0x080001f7   Thumb Code     0  startup_stm32f446xx.o(.text)
    __aeabi_uldivmod                         0x08000201   Thumb Code    98  uldiv.o(.text)
    __aeabi_uidiv                            0x08000263   Thumb Code     0  uidiv.o(.text)
    __aeabi_uidivmod                         0x08000263   Thumb Code    44  uidiv.o(.text)
    __aeabi_llsl                             0x0800028f   Thumb Code    30  llshl.o(.text)
    _ll_shift_l                              0x0800028f   Thumb Code     0  llshl.o(.text)
    __aeabi_llsr                             0x080002ad   Thumb Code    32  llushr.o(.text)
    _ll_ushift_r                             0x080002ad   Thumb Code     0  llushr.o(.text)
    __I$use$fp                               0x080002cd   Thumb Code     0  iusefp.o(.text)
    __aeabi_dadd                             0x080002cd   Thumb Code   322  dadd.o(.text)
    __aeabi_dsub                             0x0800040f   Thumb Code     6  dadd.o(.text)
    __aeabi_drsub                            0x08000415   Thumb Code     6  dadd.o(.text)
    __aeabi_dmul                             0x0800041b   Thumb Code   228  dmul.o(.text)
    __aeabi_ddiv                             0x080004ff   Thumb Code   222  ddiv.o(.text)
    __aeabi_d2ulz                            0x080005dd   Thumb Code    48  dfixul.o(.text)
    __aeabi_cdrcmple                         0x0800060d   Thumb Code    48  cdrcmple.o(.text)
    __scatterload                            0x0800063d   Thumb Code    28  init.o(.text)
    __scatterload_rt2                        0x0800063d   Thumb Code     0  init.o(.text)
    __aeabi_lasr                             0x08000661   Thumb Code    36  llsshr.o(.text)
    _ll_sshift_r                             0x08000661   Thumb Code     0  llsshr.o(.text)
    _double_round                            0x08000685   Thumb Code    30  depilogue.o(.text)
    _double_epilogue                         0x080006a3   Thumb Code   156  depilogue.o(.text)
    __decompress                             0x0800073f   Thumb Code     0  __dczerorl2.o(.text)
    __decompress1                            0x0800073f   Thumb Code    86  __dczerorl2.o(.text)
    BusFault_Handler                         0x080008b9   Thumb Code     2  stm32f4xx_it.o(i.BusFault_Handler)
    Butt_scan                                0x080008bd   Thumb Code   380  butt_hand.o(i.Butt_scan)
    Button_2tackt                            0x08000a5d   Thumb Code    70  tech_process.o(i.Button_2tackt)
    CUT_2T_procces                           0x08000aa9   Thumb Code   674  tech_process.o(i.CUT_2T_procces)
    CUT_4T_procces                           0x08000d7d   Thumb Code   692  tech_process.o(i.CUT_4T_procces)
    Cut_Grid_lable                           0x08001065   Thumb Code   214  lcd_func.o(i.Cut_Grid_lable)
    DebugMon_Handler                         0x08001145   Thumb Code     2  stm32f4xx_it.o(i.DebugMon_Handler)
    EEprom_Read                              0x08001149   Thumb Code    34  butt_hand.o(i.EEprom_Read)
    EEprom_Write                             0x08001179   Thumb Code    34  butt_hand.o(i.EEprom_Write)
    FIB_SIB_DEinit                           0x080011a9   Thumb Code    22  tech_process.o(i.FIB_SIB_DEinit)
    FIB_SIB_init                             0x080011c5   Thumb Code    50  tech_process.o(i.FIB_SIB_init)
    Fix_weld_value                           0x08001201   Thumb Code    54  butt_hand.o(i.Fix_weld_value)
    GPIO_Init                                0x08001241   Thumb Code   194  lcd.o(i.GPIO_Init)
    HAL_ADCEx_InjectedConfigChannel          0x08001315   Thumb Code   432  stm32f4xx_hal_adc_ex.o(i.HAL_ADCEx_InjectedConfigChannel)
    HAL_ADCEx_InjectedStart                  0x080014d5   Thumb Code   178  stm32f4xx_hal_adc_ex.o(i.HAL_ADCEx_InjectedStart)
    HAL_ADC_ConfigChannel                    0x08001599   Thumb Code   318  stm32f4xx_hal_adc.o(i.HAL_ADC_ConfigChannel)
    HAL_ADC_Init                             0x080016ed   Thumb Code    84  stm32f4xx_hal_adc.o(i.HAL_ADC_Init)
    HAL_ADC_MspInit                          0x08001741   Thumb Code    90  adc.o(i.HAL_ADC_MspInit)
    HAL_Delay                                0x080017b1   Thumb Code    32  stm32f4xx_hal.o(i.HAL_Delay)
    HAL_GPIO_Init                            0x080017d5   Thumb Code   378  stm32f4xx_hal_gpio.o(i.HAL_GPIO_Init)
    HAL_GPIO_ReadPin                         0x08001979   Thumb Code    10  stm32f4xx_hal_gpio.o(i.HAL_GPIO_ReadPin)
    HAL_GPIO_WritePin                        0x08001983   Thumb Code    10  stm32f4xx_hal_gpio.o(i.HAL_GPIO_WritePin)
    HAL_GetTick                              0x0800198d   Thumb Code     6  stm32f4xx_hal.o(i.HAL_GetTick)
    HAL_I2C_Init                             0x08001999   Thumb Code   254  stm32f4xx_hal_i2c.o(i.HAL_I2C_Init)
    HAL_I2C_Mem_Read                         0x08001aa1   Thumb Code   496  stm32f4xx_hal_i2c.o(i.HAL_I2C_Mem_Read)
    HAL_I2C_Mem_Write                        0x08001c9d   Thumb Code   306  stm32f4xx_hal_i2c.o(i.HAL_I2C_Mem_Write)
    HAL_I2C_MspInit                          0x08001dd9   Thumb Code    62  i2c.o(i.HAL_I2C_MspInit)
    HAL_IncTick                              0x08001e25   Thumb Code    12  stm32f4xx_hal.o(i.HAL_IncTick)
    HAL_Init                                 0x08001e35   Thumb Code    48  stm32f4xx_hal.o(i.HAL_Init)
    HAL_InitTick                             0x08001e69   Thumb Code    54  stm32f4xx_hal.o(i.HAL_InitTick)
    HAL_MspInit                              0x08001ea9   Thumb Code   126  stm32f4xx_hal_msp.o(i.HAL_MspInit)
    HAL_NVIC_EnableIRQ                       0x08001f2d   Thumb Code    22  stm32f4xx_hal_cortex.o(i.HAL_NVIC_EnableIRQ)
    HAL_NVIC_SetPriority                     0x08001f45   Thumb Code    60  stm32f4xx_hal_cortex.o(i.HAL_NVIC_SetPriority)
    HAL_NVIC_SetPriorityGrouping             0x08001f85   Thumb Code    26  stm32f4xx_hal_cortex.o(i.HAL_NVIC_SetPriorityGrouping)
    HAL_PWREx_EnableOverDrive                0x08001fa9   Thumb Code    98  stm32f4xx_hal_pwr_ex.o(i.HAL_PWREx_EnableOverDrive)
    HAL_RCC_ClockConfig                      0x08002019   Thumb Code   286  stm32f4xx_hal_rcc.o(i.HAL_RCC_ClockConfig)
    HAL_RCC_GetHCLKFreq                      0x08002149   Thumb Code     6  stm32f4xx_hal_rcc.o(i.HAL_RCC_GetHCLKFreq)
    HAL_RCC_GetPCLK1Freq                     0x08002155   Thumb Code    20  stm32f4xx_hal_rcc.o(i.HAL_RCC_GetPCLK1Freq)
    HAL_RCC_GetSysClockFreq                  0x08002175   Thumb Code   102  stm32f4xx_hal_rcc_ex.o(i.HAL_RCC_GetSysClockFreq)
    HAL_RCC_OscConfig                        0x080021e5   Thumb Code   814  stm32f4xx_hal_rcc_ex.o(i.HAL_RCC_OscConfig)
    HAL_SYSTICK_CLKSourceConfig              0x08002529   Thumb Code    24  stm32f4xx_hal_cortex.o(i.HAL_SYSTICK_CLKSourceConfig)
    HAL_SYSTICK_Callback                     0x08002541   Thumb Code     2  stm32f4xx_hal_cortex.o(i.HAL_SYSTICK_Callback)
    HAL_SYSTICK_Config                       0x08002543   Thumb Code    40  stm32f4xx_hal_cortex.o(i.HAL_SYSTICK_Config)
    HAL_SYSTICK_IRQHandler                   0x0800256b   Thumb Code     8  stm32f4xx_hal_cortex.o(i.HAL_SYSTICK_IRQHandler)
    HAL_TIMEx_BreakCallback                  0x08002573   Thumb Code     2  stm32f4xx_hal_tim_ex.o(i.HAL_TIMEx_BreakCallback)
    HAL_TIMEx_CommutationCallback            0x08002575   Thumb Code     2  stm32f4xx_hal_tim_ex.o(i.HAL_TIMEx_CommutationCallback)
    HAL_TIMEx_ConfigBreakDeadTime            0x08002577   Thumb Code    90  stm32f4xx_hal_tim_ex.o(i.HAL_TIMEx_ConfigBreakDeadTime)
    HAL_TIMEx_MasterConfigSynchronization    0x080025d1   Thumb Code    80  stm32f4xx_hal_tim_ex.o(i.HAL_TIMEx_MasterConfigSynchronization)
    HAL_TIMEx_PWMN_Start_IT                  0x08002621   Thumb Code    96  stm32f4xx_hal_tim_ex.o(i.HAL_TIMEx_PWMN_Start_IT)
    HAL_TIMEx_PWMN_Stop_IT                   0x08002681   Thumb Code   134  stm32f4xx_hal_tim_ex.o(i.HAL_TIMEx_PWMN_Stop_IT)
    HAL_TIM_Base_Init                        0x08002707   Thumb Code    54  stm32f4xx_hal_tim.o(i.HAL_TIM_Base_Init)
    HAL_TIM_Base_MspInit                     0x0800273d   Thumb Code   108  tim.o(i.HAL_TIM_Base_MspInit)
    HAL_TIM_Base_Start                       0x080027b9   Thumb Code    26  stm32f4xx_hal_tim.o(i.HAL_TIM_Base_Start)
    HAL_TIM_Base_Start_IT                    0x080027d3   Thumb Code    24  stm32f4xx_hal_tim.o(i.HAL_TIM_Base_Start_IT)
    HAL_TIM_Base_Stop                        0x080027eb   Thumb Code    44  stm32f4xx_hal_tim.o(i.HAL_TIM_Base_Stop)
    HAL_TIM_ConfigClockSource                0x08002817   Thumb Code   242  stm32f4xx_hal_tim.o(i.HAL_TIM_ConfigClockSource)
    HAL_TIM_IC_CaptureCallback               0x08002909   Thumb Code     2  stm32f4xx_hal_tim.o(i.HAL_TIM_IC_CaptureCallback)
    HAL_TIM_IRQHandler                       0x0800290b   Thumb Code   358  stm32f4xx_hal_tim.o(i.HAL_TIM_IRQHandler)
    HAL_TIM_MspPostInit                      0x08002a71   Thumb Code    64  tim.o(i.HAL_TIM_MspPostInit)
    HAL_TIM_OC_DelayElapsedCallback          0x08002abd   Thumb Code     2  stm32f4xx_hal_tim.o(i.HAL_TIM_OC_DelayElapsedCallback)
    HAL_TIM_PWM_ConfigChannel                0x08002abf   Thumb Code   208  stm32f4xx_hal_tim.o(i.HAL_TIM_PWM_ConfigChannel)
    HAL_TIM_PWM_Init                         0x08002b8f   Thumb Code    54  stm32f4xx_hal_tim.o(i.HAL_TIM_PWM_Init)
    HAL_TIM_PWM_MspInit                      0x08002bc5   Thumb Code    66  tim.o(i.HAL_TIM_PWM_MspInit)
    HAL_TIM_PWM_PulseFinishedCallback        0x08002c11   Thumb Code     2  stm32f4xx_hal_tim.o(i.HAL_TIM_PWM_PulseFinishedCallback)
    HAL_TIM_PWM_Start                        0x08002c15   Thumb Code    48  stm32f4xx_hal_tim.o(i.HAL_TIM_PWM_Start)
    HAL_TIM_PWM_Start_IT                     0x08002c4d   Thumb Code    98  stm32f4xx_hal_tim.o(i.HAL_TIM_PWM_Start_IT)
    HAL_TIM_PWM_Stop_IT                      0x08002cb9   Thumb Code   128  stm32f4xx_hal_tim.o(i.HAL_TIM_PWM_Stop_IT)
    HAL_TIM_PeriodElapsedCallback            0x08002d41   Thumb Code     2  stm32f4xx_hal_tim.o(i.HAL_TIM_PeriodElapsedCallback)
    HAL_TIM_TriggerCallback                  0x08002d43   Thumb Code     2  stm32f4xx_hal_tim.o(i.HAL_TIM_TriggerCallback)
    HardFault_Handler                        0x08002d45   Thumb Code     2  stm32f4xx_it.o(i.HardFault_Handler)
    LCD_DrawChar                             0x080030e9   Thumb Code   248  lcd.o(i.LCD_DrawChar)
    LCD_DrawChar_BIG_1                       0x080031e5   Thumb Code   268  lcd.o(i.LCD_DrawChar_BIG_1)
    LCD_DrawChar_BIG_2                       0x080032f5   Thumb Code   256  lcd.o(i.LCD_DrawChar_BIG_2)
    LCD_DrawChar_BIG_A1                      0x080033f9   Thumb Code   250  lcd.o(i.LCD_DrawChar_BIG_A1)
    LCD_DrawChar_BIG_A2                      0x080034f9   Thumb Code   256  lcd.o(i.LCD_DrawChar_BIG_A2)
    LCD_DrawCircle                           0x080035fd   Thumb Code   252  lcd.o(i.LCD_DrawCircle)
    LCD_DrawFastVLine                        0x080036f9   Thumb Code   118  lcd.o(i.LCD_DrawFastVLine)
    LCD_DrawLine                             0x08003775   Thumb Code   160  lcd.o(i.LCD_DrawLine)
    LCD_DrawPixel                            0x08003815   Thumb Code    70  lcd.o(i.LCD_DrawPixel)
    LCD_FillCircleHelper                     0x08003865   Thumb Code   194  lcd.o(i.LCD_FillCircleHelper)
    LCD_FillRect                             0x08003929   Thumb Code   160  lcd.o(i.LCD_FillRect)
    LCD_FillRoundRect                        0x080039cd   Thumb Code    98  lcd.o(i.LCD_FillRoundRect)
    LCD_FillScreen                           0x08003a31   Thumb Code    40  lcd.o(i.LCD_FillScreen)
    LCD_Flood                                0x08003a5d   Thumb Code   108  lcd.o(i.LCD_Flood)
    LCD_Init                                 0x08003ad1   Thumb Code   212  lcd.o(i.LCD_Init)
    LCD_Printf                               0x08003bb5   Thumb Code   168  lcd.o(i.LCD_Printf)
    LCD_Reset                                0x08003c65   Thumb Code   110  lcd.o(i.LCD_Reset)
    LCD_SetAddrWindow                        0x08003ce1   Thumb Code    40  lcd.o(i.LCD_SetAddrWindow)
    LCD_SetCursor                            0x08003d0d   Thumb Code     8  lcd.o(i.LCD_SetCursor)
    LCD_SetRotation                          0x08003d19   Thumb Code   100  lcd.o(i.LCD_SetRotation)
    LCD_SetTextColor                         0x08003d85   Thumb Code     8  lcd.o(i.LCD_SetTextColor)
    LCD_SetTextSize                          0x08003d91   Thumb Code    12  lcd.o(i.LCD_SetTextSize)
    LCD_Write16Register8                     0x08003da1   Thumb Code    36  lcd.o(i.LCD_Write16Register8)
    LCD_Write32Register8                     0x08003dc9   Thumb Code    52  lcd.o(i.LCD_Write32Register8)
    LCD_Write8                               0x08003e01   Thumb Code   124  lcd.o(i.LCD_Write8)
    LCD_Write8Register8                      0x08003e89   Thumb Code    30  lcd.o(i.LCD_Write8Register8)
    Lcd_begin_Paton                          0x08003ead   Thumb Code   116  lcd_func.o(i.Lcd_begin_Paton)
    Lcd_dinamic_sting                        0x08003f3d   Thumb Code   316  lcd_func.o(i.Lcd_dinamic_sting)
    Lcd_static_line                          0x080040f5   Thumb Code   124  lcd_func.o(i.Lcd_static_line)
    Lcd_static_sting                         0x08004171   Thumb Code    88  lcd_func.o(i.Lcd_static_sting)
    Lcd_update                               0x080041e5   Thumb Code    30  lcd_func.o(i.Lcd_update)
    MX_ADC1_Init                             0x08004205   Thumb Code    84  adc.o(i.MX_ADC1_Init)
    MX_ADC3_Init                             0x08004275   Thumb Code   152  adc.o(i.MX_ADC3_Init)
    MX_GPIO_Init                             0x0800432d   Thumb Code   224  gpio.o(i.MX_GPIO_Init)
    MX_I2C1_Init                             0x08004421   Thumb Code    54  i2c.o(i.MX_I2C1_Init)
    MX_TIM13_Init                            0x08004475   Thumb Code    96  tim.o(i.MX_TIM13_Init)
    MX_TIM1_Init                             0x080044ed   Thumb Code   168  tim.o(i.MX_TIM1_Init)
    MX_TIM4_Init                             0x080045ad   Thumb Code    94  tim.o(i.MX_TIM4_Init)
    MX_TIM6_Init                             0x08004625   Thumb Code    64  tim.o(i.MX_TIM6_Init)
    MemManage_Handler                        0x0800467d   Thumb Code     2  stm32f4xx_it.o(i.MemManage_Handler)
    NMI_Handler                              0x0800467f   Thumb Code     2  stm32f4xx_it.o(i.NMI_Handler)
    OutputCurrentSymbols                     0x080046a1   Thumb Code    30  lcd_func.o(i.OutputCurrentSymbols)
    OutputThreeSymbols                       0x080046c1   Thumb Code   244  lcd_func.o(i.OutputThreeSymbols)
    OutputTwoSymbols                         0x080047bd   Thumb Code   230  lcd_func.o(i.OutputTwoSymbols)
    PendSV_Handler                           0x080048ad   Thumb Code     2  stm32f4xx_it.o(i.PendSV_Handler)
    Pressure_lable                           0x080048b1   Thumb Code   160  lcd_func.o(i.Pressure_lable)
    SVC_Handler                              0x08004959   Thumb Code     2  stm32f4xx_it.o(i.SVC_Handler)
    Switch_language                          0x0800495d   Thumb Code   390  lcd_func.o(i.Switch_language)
    SysTick_Handler                          0x08004b2d   Thumb Code    14  stm32f4xx_it.o(i.SysTick_Handler)
    SystemClock_Config                       0x08004b3d   Thumb Code   158  main.o(i.SystemClock_Config)
    SystemInit                               0x08004be5   Thumb Code    66  system_stm32f4xx.o(i.SystemInit)
    TIM1_CC_IRQHandler                       0x08004c39   Thumb Code    18  stm32f4xx_it.o(i.TIM1_CC_IRQHandler)
    TIM1_TRG_COM_TIM11_IRQHandler            0x08004c59   Thumb Code     6  stm32f4xx_it.o(i.TIM1_TRG_COM_TIM11_IRQHandler)
    TIM4_IRQHandler                          0x08004c65   Thumb Code    14  stm32f4xx_it.o(i.TIM4_IRQHandler)
    TIM6_DAC_IRQHandler                      0x08004c7d   Thumb Code    14  stm32f4xx_it.o(i.TIM6_DAC_IRQHandler)
    TIM_Base_SetConfig                       0x08004c95   Thumb Code   148  stm32f4xx_hal_tim.o(i.TIM_Base_SetConfig)
    TIM_CCxChannelCmd                        0x08004d55   Thumb Code    22  stm32f4xx_hal_tim.o(i.TIM_CCxChannelCmd)
    TIM_OC2_SetConfig                        0x08004dfd   Thumb Code    90  stm32f4xx_hal_tim.o(i.TIM_OC2_SetConfig)
    TemprHIDE_lable                          0x08004f59   Thumb Code   116  lcd_func.o(i.TemprHIDE_lable)
    Tempr_FANspeed_flagHIDE                  0x08004fd5   Thumb Code   182  tech_process.o(i.Tempr_FANspeed_flagHIDE)
    Torch_lable                              0x080050a9   Thumb Code   160  lcd_func.o(i.Torch_lable)
    UsageFault_Handler                       0x08005151   Thumb Code     2  stm32f4xx_it.o(i.UsageFault_Handler)
    _Error_Handler                           0x08005153   Thumb Code     2  main.o(i._Error_Handler)
    __0sprintf                               0x08005155   Thumb Code    34  printfa.o(i.__0sprintf)
    __1sprintf                               0x08005155   Thumb Code     0  printfa.o(i.__0sprintf)
    __2sprintf                               0x08005155   Thumb Code     0  printfa.o(i.__0sprintf)
    __c89sprintf                             0x08005155   Thumb Code     0  printfa.o(i.__0sprintf)
    sprintf                                  0x08005155   Thumb Code     0  printfa.o(i.__0sprintf)
    __0vsprintf                              0x0800517d   Thumb Code    30  printfa.o(i.__0vsprintf)
    __1vsprintf                              0x0800517d   Thumb Code     0  printfa.o(i.__0vsprintf)
    __2vsprintf                              0x0800517d   Thumb Code     0  printfa.o(i.__0vsprintf)
    __c89vsprintf                            0x0800517d   Thumb Code     0  printfa.o(i.__0vsprintf)
    vsprintf                                 0x0800517d   Thumb Code     0  printfa.o(i.__0vsprintf)
    __scatterload_copy                       0x080051a1   Thumb Code    14  handlers.o(i.__scatterload_copy)
    __scatterload_null                       0x080051af   Thumb Code     2  handlers.o(i.__scatterload_null)
    __scatterload_zeroinit                   0x080051b1   Thumb Code    14  handlers.o(i.__scatterload_zeroinit)
    delay                                    0x08005a55   Thumb Code    12  lcd.o(i.delay)
    main                                     0x08005a61   Thumb Code   202  main.o(i.main)
    AHBPrescTable                            0x08005b44   Data          16  system_stm32f4xx.o(.constdata)
    APBPrescTable                            0x08005b54   Data           8  system_stm32f4xx.o(.constdata)
    Font8_Table                              0x08005b5c   Data       10830  font8.o(.constdata)
    Font12_Table                             0x080085aa   Data       10545  font12.o(.constdata)
    Font16_Table                             0x0800aedb   Data       112860  font16.o(.constdata)
    Font20_Table                             0x080267b7   Data       58140  font20.o(.constdata)
    Font24_Table                             0x08034ad3   Data       16128  font24.o(.constdata)
    Region$$Table$$Base                      0x08038a40   Number         0  anon$$obj.o(Region$$Table)
    Region$$Table$$Limit                     0x08038a60   Number         0  anon$$obj.o(Region$$Table)
    language                                 0x20000000   Data           2  main.o(.data)
    TemprHIDE_lable_flag                     0x20000002   Data           2  main.o(.data)
    LOW_presure_lable_flag                   0x20000004   Data           2  main.o(.data)
    B_2                                      0x20000008   Data           4  main.o(.data)
    time_dinam_post_flov                     0x2000000c   Data           4  main.o(.data)
    cut                                      0x20000010   Data           6  main.o(.data)
    Torch_Error_lable_flag                   0x20000016   Data           2  main.o(.data)
    Cut_Grid_lable_flag                      0x20000018   Data           2  main.o(.data)
    PULSE                                    0x2000001a   Data           2  main.o(.data)
    cut_but_4t                               0x2000001c   Data           8  main.o(.data)
    uwTickFreq                               0x20000024   Data           1  stm32f4xx_hal.o(.data)
    uwTickPrio                               0x20000028   Data           4  stm32f4xx_hal.o(.data)
    uwTick                                   0x2000002c   Data           4  stm32f4xx_hal.o(.data)
    SystemCoreClock                          0x20000030   Data           4  system_stm32f4xx.o(.data)
    Font8                                    0x20000034   Data           8  font8.o(.data)
    Font12                                   0x2000003c   Data           8  font12.o(.data)
    Font16                                   0x20000044   Data           8  font16.o(.data)
    Font20                                   0x2000004c   Data           8  font20.o(.data)
    Font24                                   0x20000054   Data           8  font24.o(.data)
    mode_reset                               0x20000080   Data           2  butt_hand.o(.data)
    grid_reset                               0x20000082   Data           2  butt_hand.o(.data)
    up_butt_reset                            0x20000084   Data           2  butt_hand.o(.data)
    down_butt_reset                          0x20000086   Data           2  butt_hand.o(.data)
    address_actual_CUT                       0x20000088   Data           2  butt_hand.o(.data)
    test_gas_reset                           0x2000008a   Data           2  butt_hand.o(.data)
    speed_par_set                            0x2000008c   Data           2  butt_hand.o(.data)
    speed_par_set_down                       0x2000008e   Data           2  butt_hand.o(.data)
    cut_MAX                                  0x20000090   Data           6  butt_hand.o(.data)
    cut_MIN                                  0x20000096   Data           6  butt_hand.o(.data)
    PlantSet_cut                             0x2000009c   Data           6  butt_hand.o(.data)
    address_prog_CUT                         0x200000a2   Data           6  butt_hand.o(.data)
    mode_screen_reset                        0x200000a8   Data           2  lcd_func.o(.data)
    butt_mod_reset                           0x200000aa   Data           2  lcd_func.o(.data)
    value_par_reset                          0x200000ac   Data           2  lcd_func.o(.data)
    value_par_reset_2                        0x200000ae   Data           2  lcd_func.o(.data)
    value_par_reset_3                        0x200000b0   Data           2  lcd_func.o(.data)
    value_par_reset_4                        0x200000b2   Data           2  lcd_func.o(.data)
    leg_res_lcd                              0x200000b4   Data           2  lcd_func.o(.data)
    leg_res_buttonRight                      0x200000b6   Data           2  lcd_func.o(.data)
    leg_res_buttonLeft                       0x200000b8   Data           2  lcd_func.o(.data)
    TemperHIDE_labl_reset                    0x200000bc   Data           4  lcd_func.o(.data)
    low_press_labl_reset                     0x200000c0   Data           4  lcd_func.o(.data)
    Torch_labl_reset                         0x200000c4   Data           4  lcd_func.o(.data)
    Cut_grid_reset                           0x200000c8   Data           4  lcd_func.o(.data)
    curentTarirovka                          0x200000cc   Data         252  other_func.o(.data)
    position_2T                              0x200001c8   Data           2  tech_process.o(.data)
    TIG_DC_Weld_flag                         0x200001ca   Data           2  tech_process.o(.data)
    temprRAD                                 0x200001cc   Data           2  tech_process.o(.data)
    time_one_amper_dc                        0x200001ce   Data           2  tech_process.o(.data)
    dinamic_curent_rise                      0x200001d0   Data           2  tech_process.o(.data)
    pre_flow_dc                              0x200001d2   Data           2  tech_process.o(.data)
    start_cur_dc                             0x200001d4   Data           2  tech_process.o(.data)
    rise_time_dc                             0x200001d6   Data           2  tech_process.o(.data)
    main_cur_dc                              0x200001d8   Data           2  tech_process.o(.data)
    tempr_filter                             0x200001dc   Data           4  tech_process.o(.data)
    tempr_filter_MIN                         0x200001e0   Data           4  tech_process.o(.data)
    tempr_filter_MIDLE                       0x200001e4   Data           4  tech_process.o(.data)
    tempr_filter_MAX                         0x200001e8   Data           4  tech_process.o(.data)
    tempr_filter_Back_weld                   0x200001ec   Data           4  tech_process.o(.data)
    time_non_cur                             0x200001f0   Data           4  tech_process.o(.data)
    Rad_temp_1                               0x200001f4   Data           4  tech_process.o(.data)
    delta_curent_dc                          0x200001f8   Data           4  tech_process.o(.data)
    time_dinam                               0x200001fc   Data           4  tech_process.o(.data)
    Pilot_arc                                0x20000200   Data           4  tech_process.o(.data)
    Pilot_arc_filter                         0x20000204   Data           4  tech_process.o(.data)
    hadc1                                    0x20000208   Data          72  adc.o(.bss)
    hadc3                                    0x20000250   Data          72  adc.o(.bss)
    hi2c1                                    0x20000298   Data          84  i2c.o(.bss)
    htim1                                    0x200002ec   Data          60  tim.o(.bss)
    htim4                                    0x20000328   Data          60  tim.o(.bss)
    htim6                                    0x20000364   Data          60  tim.o(.bss)
    htim13                                   0x200003a0   Data          60  tim.o(.bss)
    __initial_sp                             0x200008e0   Data           0  startup_stm32f446xx.o(STACK)



==============================================================================

Memory Map of the image

  Image Entry point : 0x080001c5

  Load Region LR_IROM1 (Base: 0x08000000, Size: 0x00038c68, Max: 0x00080000, ABSOLUTE, COMPRESSED[0x00038ba0])

    Execution Region ER_IROM1 (Exec base: 0x08000000, Load base: 0x08000000, Size: 0x00038a60, Max: 0x00080000, ABSOLUTE)

    Exec Addr    Load Addr    Size         Type   Attr      Idx    E Section Name        Object

    0x08000000   0x08000000   0x000001c4   Data   RO            3    RESET               startup_stm32f446xx.o
    0x080001c4   0x080001c4   0x00000000   Code   RO         3999  * .ARM.Collect$$$$00000000  mc_w.l(entry.o)
    0x080001c4   0x080001c4   0x00000004   Code   RO         4265    .ARM.Collect$$$$00000001  mc_w.l(entry2.o)
    0x080001c8   0x080001c8   0x00000004   Code   RO         4268    .ARM.Collect$$$$00000004  mc_w.l(entry5.o)
    0x080001cc   0x080001cc   0x00000000   Code   RO         4270    .ARM.Collect$$$$00000008  mc_w.l(entry7b.o)
    0x080001cc   0x080001cc   0x00000000   Code   RO         4272    .ARM.Collect$$$$0000000A  mc_w.l(entry8b.o)
    0x080001cc   0x080001cc   0x00000008   Code   RO         4273    .ARM.Collect$$$$0000000B  mc_w.l(entry9a.o)
    0x080001d4   0x080001d4   0x00000004   Code   RO         4280    .ARM.Collect$$$$0000000E  mc_w.l(entry12b.o)
    0x080001d8   0x080001d8   0x00000000   Code   RO         4275    .ARM.Collect$$$$0000000F  mc_w.l(entry10a.o)
    0x080001d8   0x080001d8   0x00000000   Code   RO         4277    .ARM.Collect$$$$00000011  mc_w.l(entry11a.o)
    0x080001d8   0x080001d8   0x00000004   Code   RO         4266    .ARM.Collect$$$$00002712  mc_w.l(entry2.o)
    0x080001dc   0x080001dc   0x00000024   Code   RO            4    .text               startup_stm32f446xx.o
    0x08000200   0x08000200   0x00000062   Code   RO         4002    .text               mc_w.l(uldiv.o)
    0x08000262   0x08000262   0x0000002c   Code   RO         4284    .text               mc_w.l(uidiv.o)
    0x0800028e   0x0800028e   0x0000001e   Code   RO         4286    .text               mc_w.l(llshl.o)
    0x080002ac   0x080002ac   0x00000020   Code   RO         4288    .text               mc_w.l(llushr.o)
    0x080002cc   0x080002cc   0x00000000   Code   RO         4290    .text               mc_w.l(iusefp.o)
    0x080002cc   0x080002cc   0x0000014e   Code   RO         4291    .text               mf_w.l(dadd.o)
    0x0800041a   0x0800041a   0x000000e4   Code   RO         4293    .text               mf_w.l(dmul.o)
    0x080004fe   0x080004fe   0x000000de   Code   RO         4295    .text               mf_w.l(ddiv.o)
    0x080005dc   0x080005dc   0x00000030   Code   RO         4297    .text               mf_w.l(dfixul.o)
    0x0800060c   0x0800060c   0x00000030   Code   RO         4299    .text               mf_w.l(cdrcmple.o)
    0x0800063c   0x0800063c   0x00000024   Code   RO         4301    .text               mc_w.l(init.o)
    0x08000660   0x08000660   0x00000024   Code   RO         4304    .text               mc_w.l(llsshr.o)
    0x08000684   0x08000684   0x000000ba   Code   RO         4307    .text               mf_w.l(depilogue.o)
    0x0800073e   0x0800073e   0x00000056   Code   RO         4317    .text               mc_w.l(__dczerorl2.o)
    0x08000794   0x08000794   0x00000124   Code   RO          529    i.ADC_Init          stm32f4xx_hal_adc.o
    0x080008b8   0x080008b8   0x00000002   Code   RO          402    i.BusFault_Handler  stm32f4xx_it.o
    0x080008ba   0x080008ba   0x00000002   PAD
    0x080008bc   0x080008bc   0x000001a0   Code   RO         3690    i.Butt_scan         butt_hand.o
    0x08000a5c   0x08000a5c   0x0000004c   Code   RO         3906    i.Button_2tackt     tech_process.o
    0x08000aa8   0x08000aa8   0x000002d4   Code   RO         3907    i.CUT_2T_procces    tech_process.o
    0x08000d7c   0x08000d7c   0x000002e8   Code   RO         3908    i.CUT_4T_procces    tech_process.o
    0x08001064   0x08001064   0x000000e0   Code   RO         3761    i.Cut_Grid_lable    lcd_func.o
    0x08001144   0x08001144   0x00000002   Code   RO          403    i.DebugMon_Handler  stm32f4xx_it.o
    0x08001146   0x08001146   0x00000002   PAD
    0x08001148   0x08001148   0x00000030   Code   RO         3691    i.EEprom_Read       butt_hand.o
    0x08001178   0x08001178   0x00000030   Code   RO         3692    i.EEprom_Write      butt_hand.o
    0x080011a8   0x080011a8   0x0000001c   Code   RO         3911    i.FIB_SIB_DEinit    tech_process.o
    0x080011c4   0x080011c4   0x0000003c   Code   RO         3912    i.FIB_SIB_init      tech_process.o
    0x08001200   0x08001200   0x00000040   Code   RO         3694    i.Fix_weld_value    butt_hand.o
    0x08001240   0x08001240   0x000000d4   Code   RO         3354    i.GPIO_Init         lcd.o
    0x08001314   0x08001314   0x000001c0   Code   RO          699    i.HAL_ADCEx_InjectedConfigChannel  stm32f4xx_hal_adc_ex.o
    0x080014d4   0x080014d4   0x000000c4   Code   RO          703    i.HAL_ADCEx_InjectedStart  stm32f4xx_hal_adc_ex.o
    0x08001598   0x08001598   0x00000154   Code   RO          531    i.HAL_ADC_ConfigChannel  stm32f4xx_hal_adc.o
    0x080016ec   0x080016ec   0x00000054   Code   RO          540    i.HAL_ADC_Init      stm32f4xx_hal_adc.o
    0x08001740   0x08001740   0x00000070   Code   RO          235    i.HAL_ADC_MspInit   adc.o
    0x080017b0   0x080017b0   0x00000024   Code   RO         3082    i.HAL_Delay         stm32f4xx_hal.o
    0x080017d4   0x080017d4   0x000001a4   Code   RO         2538    i.HAL_GPIO_Init     stm32f4xx_hal_gpio.o
    0x08001978   0x08001978   0x0000000a   Code   RO         2540    i.HAL_GPIO_ReadPin  stm32f4xx_hal_gpio.o
    0x08001982   0x08001982   0x0000000a   Code   RO         2542    i.HAL_GPIO_WritePin  stm32f4xx_hal_gpio.o
    0x0800198c   0x0800198c   0x0000000c   Code   RO         3088    i.HAL_GetTick       stm32f4xx_hal.o
    0x08001998   0x08001998   0x00000108   Code   RO          812    i.HAL_I2C_Init      stm32f4xx_hal_i2c.o
    0x08001aa0   0x08001aa0   0x000001fc   Code   RO          828    i.HAL_I2C_Mem_Read  stm32f4xx_hal_i2c.o
    0x08001c9c   0x08001c9c   0x0000013c   Code   RO          831    i.HAL_I2C_Mem_Write  stm32f4xx_hal_i2c.o
    0x08001dd8   0x08001dd8   0x0000004c   Code   RO          283    i.HAL_I2C_MspInit   i2c.o
    0x08001e24   0x08001e24   0x00000010   Code   RO         3092    i.HAL_IncTick       stm32f4xx_hal.o
    0x08001e34   0x08001e34   0x00000034   Code   RO         3093    i.HAL_Init          stm32f4xx_hal.o
    0x08001e68   0x08001e68   0x00000040   Code   RO         3094    i.HAL_InitTick      stm32f4xx_hal.o
    0x08001ea8   0x08001ea8   0x00000084   Code   RO          502    i.HAL_MspInit       stm32f4xx_hal_msp.o
    0x08001f2c   0x08001f2c   0x00000016   Code   RO         2945    i.HAL_NVIC_EnableIRQ  stm32f4xx_hal_cortex.o
    0x08001f42   0x08001f42   0x00000002   PAD
    0x08001f44   0x08001f44   0x00000040   Code   RO         2951    i.HAL_NVIC_SetPriority  stm32f4xx_hal_cortex.o
    0x08001f84   0x08001f84   0x00000024   Code   RO         2952    i.HAL_NVIC_SetPriorityGrouping  stm32f4xx_hal_cortex.o
    0x08001fa8   0x08001fa8   0x00000070   Code   RO         2874    i.HAL_PWREx_EnableOverDrive  stm32f4xx_hal_pwr_ex.o
    0x08002018   0x08002018   0x00000130   Code   RO         2100    i.HAL_RCC_ClockConfig  stm32f4xx_hal_rcc.o
    0x08002148   0x08002148   0x0000000c   Code   RO         2105    i.HAL_RCC_GetHCLKFreq  stm32f4xx_hal_rcc.o
    0x08002154   0x08002154   0x00000020   Code   RO         2107    i.HAL_RCC_GetPCLK1Freq  stm32f4xx_hal_rcc.o
    0x08002174   0x08002174   0x00000070   Code   RO         2211    i.HAL_RCC_GetSysClockFreq  stm32f4xx_hal_rcc_ex.o
    0x080021e4   0x080021e4   0x00000344   Code   RO         2212    i.HAL_RCC_OscConfig  stm32f4xx_hal_rcc_ex.o
    0x08002528   0x08002528   0x00000018   Code   RO         2954    i.HAL_SYSTICK_CLKSourceConfig  stm32f4xx_hal_cortex.o
    0x08002540   0x08002540   0x00000002   Code   RO         2955    i.HAL_SYSTICK_Callback  stm32f4xx_hal_cortex.o
    0x08002542   0x08002542   0x00000028   Code   RO         2956    i.HAL_SYSTICK_Config  stm32f4xx_hal_cortex.o
    0x0800256a   0x0800256a   0x00000008   Code   RO         2957    i.HAL_SYSTICK_IRQHandler  stm32f4xx_hal_cortex.o
    0x08002572   0x08002572   0x00000002   Code   RO         1860    i.HAL_TIMEx_BreakCallback  stm32f4xx_hal_tim_ex.o
    0x08002574   0x08002574   0x00000002   Code   RO         1861    i.HAL_TIMEx_CommutationCallback  stm32f4xx_hal_tim_ex.o
    0x08002576   0x08002576   0x0000005a   Code   RO         1862    i.HAL_TIMEx_ConfigBreakDeadTime  stm32f4xx_hal_tim_ex.o
    0x080025d0   0x080025d0   0x00000050   Code   RO         1877    i.HAL_TIMEx_MasterConfigSynchronization  stm32f4xx_hal_tim_ex.o
    0x08002620   0x08002620   0x00000060   Code   RO         1890    i.HAL_TIMEx_PWMN_Start_IT  stm32f4xx_hal_tim_ex.o
    0x08002680   0x08002680   0x00000086   Code   RO         1893    i.HAL_TIMEx_PWMN_Stop_IT  stm32f4xx_hal_tim_ex.o
    0x08002706   0x08002706   0x00000036   Code   RO         1231    i.HAL_TIM_Base_Init  stm32f4xx_hal_tim.o
    0x0800273c   0x0800273c   0x0000007c   Code   RO          325    i.HAL_TIM_Base_MspInit  tim.o
    0x080027b8   0x080027b8   0x0000001a   Code   RO         1234    i.HAL_TIM_Base_Start  stm32f4xx_hal_tim.o
    0x080027d2   0x080027d2   0x00000018   Code   RO         1236    i.HAL_TIM_Base_Start_IT  stm32f4xx_hal_tim.o
    0x080027ea   0x080027ea   0x0000002c   Code   RO         1237    i.HAL_TIM_Base_Stop  stm32f4xx_hal_tim.o
    0x08002816   0x08002816   0x000000f2   Code   RO         1240    i.HAL_TIM_ConfigClockSource  stm32f4xx_hal_tim.o
    0x08002908   0x08002908   0x00000002   Code   RO         1260    i.HAL_TIM_IC_CaptureCallback  stm32f4xx_hal_tim.o
    0x0800290a   0x0800290a   0x00000166   Code   RO         1273    i.HAL_TIM_IRQHandler  stm32f4xx_hal_tim.o
    0x08002a70   0x08002a70   0x0000004c   Code   RO          326    i.HAL_TIM_MspPostInit  tim.o
    0x08002abc   0x08002abc   0x00000002   Code   RO         1276    i.HAL_TIM_OC_DelayElapsedCallback  stm32f4xx_hal_tim.o
    0x08002abe   0x08002abe   0x000000d0   Code   RO         1297    i.HAL_TIM_PWM_ConfigChannel  stm32f4xx_hal_tim.o
    0x08002b8e   0x08002b8e   0x00000036   Code   RO         1300    i.HAL_TIM_PWM_Init  stm32f4xx_hal_tim.o
    0x08002bc4   0x08002bc4   0x0000004c   Code   RO          328    i.HAL_TIM_PWM_MspInit  tim.o
    0x08002c10   0x08002c10   0x00000002   Code   RO         1303    i.HAL_TIM_PWM_PulseFinishedCallback  stm32f4xx_hal_tim.o
    0x08002c12   0x08002c12   0x00000002   PAD
    0x08002c14   0x08002c14   0x00000038   Code   RO         1304    i.HAL_TIM_PWM_Start  stm32f4xx_hal_tim.o
    0x08002c4c   0x08002c4c   0x0000006c   Code   RO         1306    i.HAL_TIM_PWM_Start_IT  stm32f4xx_hal_tim.o
    0x08002cb8   0x08002cb8   0x00000088   Code   RO         1309    i.HAL_TIM_PWM_Stop_IT  stm32f4xx_hal_tim.o
    0x08002d40   0x08002d40   0x00000002   Code   RO         1310    i.HAL_TIM_PeriodElapsedCallback  stm32f4xx_hal_tim.o
    0x08002d42   0x08002d42   0x00000002   Code   RO         1314    i.HAL_TIM_TriggerCallback  stm32f4xx_hal_tim.o
    0x08002d44   0x08002d44   0x00000002   Code   RO          404    i.HardFault_Handler  stm32f4xx_it.o
    0x08002d46   0x08002d46   0x00000028   Code   RO          850    i.I2C_IsAcknowledgeFailed  stm32f4xx_hal_i2c.o
    0x08002d6e   0x08002d6e   0x000000f0   Code   RO          859    i.I2C_RequestMemoryRead  stm32f4xx_hal_i2c.o
    0x08002e5e   0x08002e5e   0x00000002   PAD
    0x08002e60   0x08002e60   0x000000a0   Code   RO          860    i.I2C_RequestMemoryWrite  stm32f4xx_hal_i2c.o
    0x08002f00   0x08002f00   0x0000004e   Code   RO          863    i.I2C_WaitOnBTFFlagUntilTimeout  stm32f4xx_hal_i2c.o
    0x08002f4e   0x08002f4e   0x00000060   Code   RO          864    i.I2C_WaitOnFlagUntilTimeout  stm32f4xx_hal_i2c.o
    0x08002fae   0x08002fae   0x00000002   PAD
    0x08002fb0   0x08002fb0   0x00000088   Code   RO          865    i.I2C_WaitOnMasterAddressFlagUntilTimeout  stm32f4xx_hal_i2c.o
    0x08003038   0x08003038   0x00000062   Code   RO          866    i.I2C_WaitOnRXNEFlagUntilTimeout  stm32f4xx_hal_i2c.o
    0x0800309a   0x0800309a   0x0000004e   Code   RO          867    i.I2C_WaitOnTXEFlagUntilTimeout  stm32f4xx_hal_i2c.o
    0x080030e8   0x080030e8   0x000000fc   Code   RO         3357    i.LCD_DrawChar      lcd.o
    0x080031e4   0x080031e4   0x00000110   Code   RO         3358    i.LCD_DrawChar_BIG_1  lcd.o
    0x080032f4   0x080032f4   0x00000104   Code   RO         3359    i.LCD_DrawChar_BIG_2  lcd.o
    0x080033f8   0x080033f8   0x00000100   Code   RO         3360    i.LCD_DrawChar_BIG_A1  lcd.o
    0x080034f8   0x080034f8   0x00000104   Code   RO         3361    i.LCD_DrawChar_BIG_A2  lcd.o
    0x080035fc   0x080035fc   0x000000fc   Code   RO         3362    i.LCD_DrawCircle    lcd.o
    0x080036f8   0x080036f8   0x0000007c   Code   RO         3365    i.LCD_DrawFastVLine  lcd.o
    0x08003774   0x08003774   0x000000a0   Code   RO         3366    i.LCD_DrawLine      lcd.o
    0x08003814   0x08003814   0x00000050   Code   RO         3367    i.LCD_DrawPixel     lcd.o
    0x08003864   0x08003864   0x000000c2   Code   RO         3372    i.LCD_FillCircleHelper  lcd.o
    0x08003926   0x08003926   0x00000002   PAD
    0x08003928   0x08003928   0x000000a4   Code   RO         3373    i.LCD_FillRect      lcd.o
    0x080039cc   0x080039cc   0x00000062   Code   RO         3374    i.LCD_FillRoundRect  lcd.o
    0x08003a2e   0x08003a2e   0x00000002   PAD
    0x08003a30   0x08003a30   0x0000002c   Code   RO         3375    i.LCD_FillScreen    lcd.o
    0x08003a5c   0x08003a5c   0x00000074   Code   RO         3377    i.LCD_Flood         lcd.o
    0x08003ad0   0x08003ad0   0x000000e4   Code   RO         3381    i.LCD_Init          lcd.o
    0x08003bb4   0x08003bb4   0x000000b0   Code   RO         3382    i.LCD_Printf        lcd.o
    0x08003c64   0x08003c64   0x0000007c   Code   RO         3383    i.LCD_Reset         lcd.o
    0x08003ce0   0x08003ce0   0x0000002c   Code   RO         3384    i.LCD_SetAddrWindow  lcd.o
    0x08003d0c   0x08003d0c   0x0000000c   Code   RO         3385    i.LCD_SetCursor     lcd.o
    0x08003d18   0x08003d18   0x0000006c   Code   RO         3386    i.LCD_SetRotation   lcd.o
    0x08003d84   0x08003d84   0x0000000c   Code   RO         3387    i.LCD_SetTextColor  lcd.o
    0x08003d90   0x08003d90   0x00000010   Code   RO         3388    i.LCD_SetTextSize   lcd.o
    0x08003da0   0x08003da0   0x00000028   Code   RO         3605    i.LCD_Write16Register8  lcd.o
    0x08003dc8   0x08003dc8   0x00000038   Code   RO         3616    i.LCD_Write32Register8  lcd.o
    0x08003e00   0x08003e00   0x00000088   Code   RO         3588    i.LCD_Write8        lcd.o
    0x08003e88   0x08003e88   0x00000024   Code   RO         3600    i.LCD_Write8Register8  lcd.o
    0x08003eac   0x08003eac   0x00000090   Code   RO         3763    i.Lcd_begin_Paton   lcd_func.o
    0x08003f3c   0x08003f3c   0x000001b8   Code   RO         3764    i.Lcd_dinamic_sting  lcd_func.o
    0x080040f4   0x080040f4   0x0000007c   Code   RO         3765    i.Lcd_static_line   lcd_func.o
    0x08004170   0x08004170   0x00000074   Code   RO         3766    i.Lcd_static_sting  lcd_func.o
    0x080041e4   0x080041e4   0x0000001e   Code   RO         3767    i.Lcd_update        lcd_func.o
    0x08004202   0x08004202   0x00000002   PAD
    0x08004204   0x08004204   0x00000070   Code   RO          236    i.MX_ADC1_Init      adc.o
    0x08004274   0x08004274   0x000000b8   Code   RO          237    i.MX_ADC3_Init      adc.o
    0x0800432c   0x0800432c   0x000000f4   Code   RO          206    i.MX_GPIO_Init      gpio.o
    0x08004420   0x08004420   0x00000054   Code   RO          284    i.MX_I2C1_Init      i2c.o
    0x08004474   0x08004474   0x00000078   Code   RO          329    i.MX_TIM13_Init     tim.o
    0x080044ec   0x080044ec   0x000000c0   Code   RO          330    i.MX_TIM1_Init      tim.o
    0x080045ac   0x080045ac   0x00000078   Code   RO          331    i.MX_TIM4_Init      tim.o
    0x08004624   0x08004624   0x00000058   Code   RO          332    i.MX_TIM6_Init      tim.o
    0x0800467c   0x0800467c   0x00000002   Code   RO          405    i.MemManage_Handler  stm32f4xx_it.o
    0x0800467e   0x0800467e   0x00000002   Code   RO          406    i.NMI_Handler       stm32f4xx_it.o
    0x08004680   0x08004680   0x00000020   Code   RO         2958    i.NVIC_SetPriority  stm32f4xx_hal_cortex.o
    0x080046a0   0x080046a0   0x0000001e   Code   RO         3768    i.OutputCurrentSymbols  lcd_func.o
    0x080046be   0x080046be   0x00000002   PAD
    0x080046c0   0x080046c0   0x000000fc   Code   RO         3769    i.OutputThreeSymbols  lcd_func.o
    0x080047bc   0x080047bc   0x000000f0   Code   RO         3770    i.OutputTwoSymbols  lcd_func.o
    0x080048ac   0x080048ac   0x00000002   Code   RO          407    i.PendSV_Handler    stm32f4xx_it.o
    0x080048ae   0x080048ae   0x00000002   PAD
    0x080048b0   0x080048b0   0x000000a8   Code   RO         3771    i.Pressure_lable    lcd_func.o
    0x08004958   0x08004958   0x00000002   Code   RO          408    i.SVC_Handler       stm32f4xx_it.o
    0x0800495a   0x0800495a   0x00000002   PAD
    0x0800495c   0x0800495c   0x000001d0   Code   RO         3772    i.Switch_language   lcd_func.o
    0x08004b2c   0x08004b2c   0x0000000e   Code   RO          409    i.SysTick_Handler   stm32f4xx_it.o
    0x08004b3a   0x08004b3a   0x00000002   PAD
    0x08004b3c   0x08004b3c   0x000000a8   Code   RO           13    i.SystemClock_Config  main.o
    0x08004be4   0x08004be4   0x00000054   Code   RO         3247    i.SystemInit        system_stm32f4xx.o
    0x08004c38   0x08004c38   0x00000020   Code   RO          410    i.TIM1_CC_IRQHandler  stm32f4xx_it.o
    0x08004c58   0x08004c58   0x0000000c   Code   RO          411    i.TIM1_TRG_COM_TIM11_IRQHandler  stm32f4xx_it.o
    0x08004c64   0x08004c64   0x00000018   Code   RO          412    i.TIM4_IRQHandler   stm32f4xx_it.o
    0x08004c7c   0x08004c7c   0x00000018   Code   RO          413    i.TIM6_DAC_IRQHandler  stm32f4xx_it.o
    0x08004c94   0x08004c94   0x000000c0   Code   RO         1315    i.TIM_Base_SetConfig  stm32f4xx_hal_tim.o
    0x08004d54   0x08004d54   0x00000016   Code   RO         1316    i.TIM_CCxChannelCmd  stm32f4xx_hal_tim.o
    0x08004d6a   0x08004d6a   0x00000016   Code   RO         1896    i.TIM_CCxNChannelCmd  stm32f4xx_hal_tim_ex.o
    0x08004d80   0x08004d80   0x00000014   Code   RO         1322    i.TIM_ETR_SetConfig  stm32f4xx_hal_tim.o
    0x08004d94   0x08004d94   0x00000010   Code   RO         1323    i.TIM_ITRx_SetConfig  stm32f4xx_hal_tim.o
    0x08004da4   0x08004da4   0x00000058   Code   RO         1324    i.TIM_OC1_SetConfig  stm32f4xx_hal_tim.o
    0x08004dfc   0x08004dfc   0x00000064   Code   RO         1325    i.TIM_OC2_SetConfig  stm32f4xx_hal_tim.o
    0x08004e60   0x08004e60   0x00000060   Code   RO         1326    i.TIM_OC3_SetConfig  stm32f4xx_hal_tim.o
    0x08004ec0   0x08004ec0   0x00000050   Code   RO         1327    i.TIM_OC4_SetConfig  stm32f4xx_hal_tim.o
    0x08004f10   0x08004f10   0x00000022   Code   RO         1329    i.TIM_TI1_ConfigInputStage  stm32f4xx_hal_tim.o
    0x08004f32   0x08004f32   0x00000024   Code   RO         1331    i.TIM_TI2_ConfigInputStage  stm32f4xx_hal_tim.o
    0x08004f56   0x08004f56   0x00000002   PAD
    0x08004f58   0x08004f58   0x0000007c   Code   RO         3773    i.TemprHIDE_lable   lcd_func.o
    0x08004fd4   0x08004fd4   0x000000d4   Code   RO         3913    i.Tempr_FANspeed_flagHIDE  tech_process.o
    0x080050a8   0x080050a8   0x000000a8   Code   RO         3774    i.Torch_lable       lcd_func.o
    0x08005150   0x08005150   0x00000002   Code   RO          414    i.UsageFault_Handler  stm32f4xx_it.o
    0x08005152   0x08005152   0x00000002   Code   RO           14    i._Error_Handler    main.o
    0x08005154   0x08005154   0x00000028   Code   RO         4239    i.__0sprintf        mc_w.l(printfa.o)
    0x0800517c   0x0800517c   0x00000024   Code   RO         4243    i.__0vsprintf       mc_w.l(printfa.o)
    0x080051a0   0x080051a0   0x0000000e   Code   RO         4311    i.__scatterload_copy  mc_w.l(handlers.o)
    0x080051ae   0x080051ae   0x00000002   Code   RO         4312    i.__scatterload_null  mc_w.l(handlers.o)
    0x080051b0   0x080051b0   0x0000000e   Code   RO         4313    i.__scatterload_zeroinit  mc_w.l(handlers.o)
    0x080051be   0x080051be   0x00000002   PAD
    0x080051c0   0x080051c0   0x00000184   Code   RO         4244    i._fp_digits        mc_w.l(printfa.o)
    0x08005344   0x08005344   0x000006b4   Code   RO         4245    i._printf_core      mc_w.l(printfa.o)
    0x080059f8   0x080059f8   0x00000024   Code   RO         4246    i._printf_post_padding  mc_w.l(printfa.o)
    0x08005a1c   0x08005a1c   0x0000002e   Code   RO         4247    i._printf_pre_padding  mc_w.l(printfa.o)
    0x08005a4a   0x08005a4a   0x0000000a   Code   RO         4249    i._sputc            mc_w.l(printfa.o)
    0x08005a54   0x08005a54   0x0000000c   Code   RO         3583    i.delay             lcd.o
    0x08005a60   0x08005a60   0x000000e4   Code   RO           15    i.main              main.o
    0x08005b44   0x08005b44   0x00000010   Data   RO         3248    .constdata          system_stm32f4xx.o
    0x08005b54   0x08005b54   0x00000008   Data   RO         3249    .constdata          system_stm32f4xx.o
    0x08005b5c   0x08005b5c   0x00002a4e   Data   RO         3281    .constdata          font8.o
    0x080085aa   0x080085aa   0x00002931   Data   RO         3295    .constdata          font12.o
    0x0800aedb   0x0800aedb   0x0001b8dc   Data   RO         3309    .constdata          font16.o
    0x080267b7   0x080267b7   0x0000e31c   Data   RO         3323    .constdata          font20.o
    0x08034ad3   0x08034ad3   0x00003f00   Data   RO         3337    .constdata          font24.o
    0x080389d3   0x080389d3   0x0000006c   Data   RO         3391    .constdata          lcd.o
    0x08038a3f   0x08038a3f   0x00000001   PAD
    0x08038a40   0x08038a40   0x00000020   Data   RO         4309    Region$$Table       anon$$obj.o


    Execution Region RW_IRAM1 (Exec base: 0x20000000, Load base: 0x08038a60, Size: 0x000008e0, Max: 0x00020000, ABSOLUTE, COMPRESSED[0x00000140])

    Exec Addr    Load Addr    Size         Type   Attr      Idx    E Section Name        Object

    0x20000000   COMPRESSED   0x00000002   Data   RW           16    .data               main.o
    0x20000002   COMPRESSED   0x00000002   Data   RW           17    .data               main.o
    0x20000004   COMPRESSED   0x00000012   Data   RW           18    .data               main.o
    0x20000016   COMPRESSED   0x00000002   Data   RW           19    .data               main.o
    0x20000018   COMPRESSED   0x00000002   Data   RW           20    .data               main.o
    0x2000001a   COMPRESSED   0x00000002   Data   RW           21    .data               main.o
    0x2000001c   COMPRESSED   0x00000008   Data   RW           22    .data               main.o
    0x20000024   COMPRESSED   0x0000000c   Data   RW         3100    .data               stm32f4xx_hal.o
    0x20000030   COMPRESSED   0x00000004   Data   RW         3250    .data               system_stm32f4xx.o
    0x20000034   COMPRESSED   0x00000008   Data   RW         3282    .data               font8.o
    0x2000003c   COMPRESSED   0x00000008   Data   RW         3296    .data               font12.o
    0x20000044   COMPRESSED   0x00000008   Data   RW         3310    .data               font16.o
    0x2000004c   COMPRESSED   0x00000008   Data   RW         3324    .data               font20.o
    0x20000054   COMPRESSED   0x00000008   Data   RW         3338    .data               font24.o
    0x2000005c   COMPRESSED   0x00000024   Data   RW         3392    .data               lcd.o
    0x20000080   COMPRESSED   0x00000028   Data   RW         3696    .data               butt_hand.o
    0x200000a8   COMPRESSED   0x00000024   Data   RW         3776    .data               lcd_func.o
    0x200000cc   COMPRESSED   0x000000fc   Data   RW         3882    .data               other_func.o
    0x200001c8   COMPRESSED   0x00000040   Data   RW         3916    .data               tech_process.o
    0x20000208        -       0x00000090   Zero   RW          238    .bss                adc.o
    0x20000298        -       0x00000054   Zero   RW          285    .bss                i2c.o
    0x200002ec        -       0x000000f0   Zero   RW          333    .bss                tim.o
    0x200003dc        -       0x00000100   Zero   RW         3390    .bss                lcd.o
    0x200004dc   COMPRESSED   0x00000004   PAD
    0x200004e0        -       0x00000400   Zero   RW            1    STACK               startup_stm32f446xx.o


==============================================================================

Image component sizes


      Code (inc. data)   RO Data    RW Data    ZI Data      Debug   Object Name

       408         82          0          0        144       2574   adc.o
       576         74          0         40          0       4076   butt_hand.o
         0          0      10545          8          0       1227   font12.o
         0          0     112860          8          0       1231   font16.o
         0          0      58140          8          0       1231   font20.o
         0          0      16128          8          0       1227   font24.o
         0          0      10830          8          0       1222   font8.o
       244         20          0          0          0       1103   gpio.o
       160         44          0          0         84       1777   i2c.o
      3744        178        108         36        256      26402   lcd.o
      2524        306          0         36          0      11704   lcd_func.o
       398         36          0         36          0     723093   main.o
         0          0          0        252          0        574   other_func.o
        36          8        452          0       1024        868   startup_stm32f446xx.o
       180         28          0         12          0       4885   stm32f4xx_hal.o
       716         34          0          0          0       3051   stm32f4xx_hal_adc.o
       644         34          0          0          0       2532   stm32f4xx_hal_adc_ex.o
       228         14          0          0          0      32541   stm32f4xx_hal_cortex.o
       440         42          0          0          0       3251   stm32f4xx_hal_gpio.o
      2014         36          0          0          0      13470   stm32f4xx_hal_i2c.o
       132          6          0          0          0        998   stm32f4xx_hal_msp.o
       112         14          0          0          0       1376   stm32f4xx_hal_pwr_ex.o
       348         36          0          0          0       2951   stm32f4xx_hal_rcc.o
       948         32          0          0          0       2806   stm32f4xx_hal_rcc_ex.o
      2004        106          0          0          0      20284   stm32f4xx_hal_tim.o
       426          0          0          0          0       5797   stm32f4xx_hal_tim_ex.o
       122         40          0          0          0       6583   stm32f4xx_it.o
        84         18         24          4          0       1291   system_stm32f4xx.o
      1844        170          0         64          0       7433   tech_process.o
       796        136          0          0        240       5247   tim.o

    ----------------------------------------------------------------------
     19156       1494     209120        520       1752     892805   Object Totals
         0          0         32          0          0          0   (incl. Generated)
        28          0          1          0          4          0   (incl. Padding)

    ----------------------------------------------------------------------

      Code (inc. data)   RO Data    RW Data    ZI Data      Debug   Library Member Name

        86          0          0          0          0          0   __dczerorl2.o
         0          0          0          0          0          0   entry.o
         0          0          0          0          0          0   entry10a.o
         0          0          0          0          0          0   entry11a.o
         4          0          0          0          0          0   entry12b.o
         8          4          0          0          0          0   entry2.o
         4          0          0          0          0          0   entry5.o
         0          0          0          0          0          0   entry7b.o
         0          0          0          0          0          0   entry8b.o
         8          4          0          0          0          0   entry9a.o
        30          0          0          0          0          0   handlers.o
        36          8          0          0          0         68   init.o
         0          0          0          0          0          0   iusefp.o
        30          0          0          0          0         68   llshl.o
        36          0          0          0          0         68   llsshr.o
        32          0          0          0          0         68   llushr.o
      2272         92          0          0          0        612   printfa.o
        44          0          0          0          0         80   uidiv.o
        98          0          0          0          0         92   uldiv.o
        48          0          0          0          0         68   cdrcmple.o
       334          0          0          0          0        148   dadd.o
       222          0          0          0          0        100   ddiv.o
       186          0          0          0          0        176   depilogue.o
        48          0          0          0          0         68   dfixul.o
       228          0          0          0          0         96   dmul.o

    ----------------------------------------------------------------------
      3756        108          0          0          0       1712   Library Totals
         2          0          0          0          0          0   (incl. Padding)

    ----------------------------------------------------------------------

      Code (inc. data)   RO Data    RW Data    ZI Data      Debug   Library Name

      2688        108          0          0          0       1056   mc_w.l
      1066          0          0          0          0        656   mf_w.l

    ----------------------------------------------------------------------
      3756        108          0          0          0       1712   Library Totals

    ----------------------------------------------------------------------

==============================================================================


      Code (inc. data)   RO Data    RW Data    ZI Data      Debug   

     22912       1602     209120        520       1752     879317   Grand Totals
     22912       1602     209120        320       1752     879317   ELF Image Totals (compressed)
     22912       1602     209120        320          0          0   ROM Totals

==============================================================================

    Total RO  Size (Code + RO Data)               232032 ( 226.59kB)
    Total RW  Size (RW Data + ZI Data)              2272 (   2.22kB)
    Total ROM Size (Code + RO Data + RW Data)     232352 ( 226.91kB)

==============================================================================

